Archive member included because of file (symbol)

c:/devkitpro/libnds/lib\libnds9.a(keys.o)
                              main.o (scanKeys)
c:/devkitpro/libnds/lib\libnds9.a(video.o)
                              cglscreenmain.o (vramSetMainBanks)
c:/devkitpro/libnds/lib\libnds9.a(card.o)
                              dsCard.o (cardWriteCommand)
c:/devkitpro/libnds/lib\libnds9.a(gbfs.o)
                              filesys.o (find_first_gbfs_file)
c:/devkitpro/libnds/lib\libnds9.a(interrupts.o)
                              strpcm.o (irqSet)
c:/devkitpro/libnds/lib\libnds9.a(cache.o)
                              strpcm.o (DC_FlushAll)
c:/devkitpro/libnds/lib\libnds9.a(biosCalls.o)
                              plug_ndsrom.o (swiSoftReset)
c:/devkitpro/libnds/lib\libnds9.a(division.o)
                              main.o (__divsi3)
c:/devkitpro/libnds/lib\libnds9.a(interruptDispatcher.o)
                              c:/devkitpro/libnds/lib\libnds9.a(interrupts.o) (IntrMain)
c:/devkitpro/devkitarm/bin/../lib/gcc/arm-elf/4.0.2/../../../../arm-elf/lib/interwork\libstdc++.a(del_op.o)
                              cstream.o (operator delete(void*))
c:/devkitpro/devkitarm/bin/../lib/gcc/arm-elf/4.0.2/../../../../arm-elf/lib/interwork\libstdc++.a(del_opv.o)
                              ../build/libgme/Effects_Buffer.o (operator delete[](void*))
c:/devkitpro/devkitarm/bin/../lib/gcc/arm-elf/4.0.2/../../../../arm-elf/lib/interwork\libstdc++.a(eh_personality.o)
                              cstream_fs.o (__gxx_personality_sj0)
c:/devkitpro/devkitarm/bin/../lib/gcc/arm-elf/4.0.2/../../../../arm-elf/lib/interwork\libstdc++.a(eh_terminate.o)
                              c:/devkitpro/devkitarm/bin/../lib/gcc/arm-elf/4.0.2/../../../../arm-elf/lib/interwork\libstdc++.a(eh_personality.o) (__cxxabiv1::__terminate(void (*)()))
c:/devkitpro/devkitarm/bin/../lib/gcc/arm-elf/4.0.2/../../../../arm-elf/lib/interwork\libstdc++.a(eh_term_handler.o)
                              c:/devkitpro/devkitarm/bin/../lib/gcc/arm-elf/4.0.2/../../../../arm-elf/lib/interwork\libstdc++.a(eh_terminate.o) (__cxxabiv1::__terminate_handler)
c:/devkitpro/devkitarm/bin/../lib/gcc/arm-elf/4.0.2/../../../../arm-elf/lib/interwork\libstdc++.a(eh_throw.o)
                              c:/devkitpro/devkitarm/bin/../lib/gcc/arm-elf/4.0.2/../../../../arm-elf/lib/interwork\libstdc++.a(eh_personality.o) (__cxa_throw)
c:/devkitpro/devkitarm/bin/../lib/gcc/arm-elf/4.0.2/../../../../arm-elf/lib/interwork\libstdc++.a(eh_unex_handler.o)
                              c:/devkitpro/devkitarm/bin/../lib/gcc/arm-elf/4.0.2/../../../../arm-elf/lib/interwork\libstdc++.a(eh_terminate.o) (__cxxabiv1::__unexpected_handler)
c:/devkitpro/devkitarm/bin/../lib/gcc/arm-elf/4.0.2/../../../../arm-elf/lib/interwork\libstdc++.a(new_op.o)
                              main.o (operator new(unsigned long))
c:/devkitpro/devkitarm/bin/../lib/gcc/arm-elf/4.0.2/../../../../arm-elf/lib/interwork\libstdc++.a(new_opv.o)
                              ../build/libgme/Effects_Buffer.o (operator new[](unsigned long))
c:/devkitpro/devkitarm/bin/../lib/gcc/arm-elf/4.0.2/../../../../arm-elf/lib/interwork\libstdc++.a(pure.o)
                              ../build/libgme/Classic_Emu.o (__cxa_pure_virtual)
c:/devkitpro/devkitarm/bin/../lib/gcc/arm-elf/4.0.2/../../../../arm-elf/lib/interwork\libstdc++.a(tinfo.o)
                              cstream.o (vtable for __cxxabiv1::__class_type_info)
c:/devkitpro/devkitarm/bin/../lib/gcc/arm-elf/4.0.2/../../../../arm-elf/lib/interwork\libstdc++.a(vterminate.o)
                              c:/devkitpro/devkitarm/bin/../lib/gcc/arm-elf/4.0.2/../../../../arm-elf/lib/interwork\libstdc++.a(eh_term_handler.o) (__gnu_cxx::__verbose_terminate_handler())
c:/devkitpro/devkitarm/bin/../lib/gcc/arm-elf/4.0.2/../../../../arm-elf/lib/interwork\libstdc++.a(cp-demangle.o)
                              c:/devkitpro/devkitarm/bin/../lib/gcc/arm-elf/4.0.2/../../../../arm-elf/lib/interwork\libstdc++.a(vterminate.o) (__cxa_demangle)
c:/devkitpro/devkitarm/bin/../lib/gcc/arm-elf/4.0.2/../../../../arm-elf/lib/interwork\libstdc++.a(eh_alloc.o)
                              c:/devkitpro/devkitarm/bin/../lib/gcc/arm-elf/4.0.2/../../../../arm-elf/lib/interwork\libstdc++.a(eh_personality.o) (__cxa_allocate_exception)
c:/devkitpro/devkitarm/bin/../lib/gcc/arm-elf/4.0.2/../../../../arm-elf/lib/interwork\libstdc++.a(eh_catch.o)
                              c:/devkitpro/devkitarm/bin/../lib/gcc/arm-elf/4.0.2/../../../../arm-elf/lib/interwork\libstdc++.a(eh_personality.o) (__cxa_begin_catch)
c:/devkitpro/devkitarm/bin/../lib/gcc/arm-elf/4.0.2/../../../../arm-elf/lib/interwork\libstdc++.a(eh_exception.o)
                              c:/devkitpro/devkitarm/bin/../lib/gcc/arm-elf/4.0.2/../../../../arm-elf/lib/interwork\libstdc++.a(tinfo.o) (typeinfo for std::exception)
c:/devkitpro/devkitarm/bin/../lib/gcc/arm-elf/4.0.2/../../../../arm-elf/lib/interwork\libstdc++.a(eh_globals.o)
[...]
Memory Configuration

Name             Origin             Length             Attributes
rom              0x08000000         0x02000000
ewram            0x02000000         0x003ff000
dtcm             0x00800000         0x00004000
itcm             0x00000000         0x00008000
*default*        0x00000000         0xffffffff

Linker script and memory map

                0x00000000                __itcm_start = 0x0
                0x02400000                __ewram_end = 0x2400000
                0x023ff000                __eheap_end = 0x23ff000
                0x00800000                __dtcm_start = 0x800000
                0x00804000                __dtcm_end = 0x804000
                0x008021b0                __sp_svc = (__dtcm_end - 0x100)
                0x00803e00                __sp_irq = (__sp_svc - 0x100)
                0x00803d00                __sp_usr = (__sp_irq - 0x100)

.init           0x02000000      0x230
                0x02000000                __text_start = .
 *(.init)
 .init          0x02000000      0x210 c:/devkitpro/devkitarm/bin/../lib/gcc/arm-elf/4.0.2/../../../../arm-elf/lib/interwork/ds_arm9_crt0.o
                0x02000000                _start
 .init          0x02000210        0xc c:/devkitpro/devkitarm/bin/../lib/gcc/arm-elf/4.0.2/interwork/crti.o
                0x02000210                _init
 .init          0x0200021c        0x4 c:/devkitpro/devkitarm/bin/../lib/gcc/arm-elf/4.0.2/interwork/crtbegin.o
 .init          0x02000220        0x4 c:/devkitpro/devkitarm/bin/../lib/gcc/arm-elf/4.0.2/interwork/crtend.o
 .init          0x02000224        0xc c:/devkitpro/devkitarm/bin/../lib/gcc/arm-elf/4.0.2/interwork/crtn.o
                0x02000230                . = ALIGN (0x4)

.plt
 *(.plt)

.text           0x02000230    0x7511c
 *(.text.*)
 *(.stub)
 *(.gnu.warning)
 *(.gnu.linkonce.t*)
 .gnu.linkonce.t._ZN13Silent_Buffer10clock_rateEl
                0x02000230        0x4 plug_gmegbs.o
                0x02000230                Silent_Buffer::clock_rate(long)
 .gnu.linkonce.t._ZN13Silent_Buffer9bass_freqEi
                0x02000234        0x4 plug_gmegbs.o
                0x02000234                Silent_Buffer::bass_freq(int)
 .gnu.linkonce.t._ZN13Silent_Buffer5clearEv
                0x02000238        0x4 plug_gmegbs.o
                0x02000238                Silent_Buffer::clear()
 .gnu.linkonce.t._ZN13Silent_Buffer7channelEi
                0x0200023c       0x18 plug_gmegbs.o
                0x0200023c                Silent_Buffer::channel(int)
 .gnu.linkonce.t._ZN13Silent_Buffer9end_frameElb
                0x02000254        0x4 plug_gmegbs.o
                0x02000254                Silent_Buffer::end_frame(long, bool)
 .gnu.linkonce.t._ZNK13Silent_Buffer13samples_availEv
                0x02000258        0x8 plug_gmegbs.o
                0x02000258                Silent_Buffer::samples_avail() const
 .gnu.linkonce.t._ZN13Silent_Buffer12read_samplesEPsl
                0x02000260        0x8 plug_gmegbs.o
                0x02000260                Silent_Buffer::read_samples(short*, long)
 .gnu.linkonce.t._ZN13Silent_Buffer15set_sample_rateEli
                0x02000268       0x10 plug_gmegbs.o
                0x02000268                Silent_Buffer::set_sample_rate(long, int)
 .gnu.linkonce.t._ZN13Silent_BufferD0Ev
                0x02000278       0x1c plug_gmegbs.o
                0x02000278                Silent_Buffer::~Silent_Buffer()
 .gnu.linkonce.t._ZN13Silent_BufferD1Ev
                0x02000294       0x10 plug_gmegbs.o
                0x02000294                Silent_Buffer::~Silent_Buffer()
 .gnu.linkonce.t._ZN11Classic_Emu10set_bufferEP12Multi_Buffer
                0x020002a4       0x48 ../build/libgme/Classic_Emu.o
                0x020002a4                Classic_Emu::set_buffer(Multi_Buffer*)
 .gnu.linkonce.t._ZN13Fir_ResamplerILi12EE4readEPsl
                0x020002ec      0x1b8 ../build/libgme/Dual_Resampler.o
                0x020002ec                Fir_Resampler<12>::read(short*, long)
 .gnu.linkonce.t._ZN14Effects_Buffer7channelEi
                0x020004a4       0x44 ../build/libgme/Effects_Buffer.o
                0x020004a4                Effects_Buffer::channel(int)
 .gnu.linkonce.t._Z8gen_sincI3DsfEviddidPsRKT_
                0x020004e8      0x3e8 ../build/libgme/Fir_Resampler.o
                0x020004e8                void gen_sinc<Dsf>(int, double, double, int, double, short*, Dsf const&)
 .gnu.linkonce.t._ZNK10Blip_SynthILi8ELi1EE6offsetEliP11Blip_Buffer
                0x020008d0      0x110 ../build/libgme/Gb_Apu.o
                0x020008d0                Blip_Synth<8, 1>::offset(long, int, Blip_Buffer*) const
 .gnu.linkonce.t._ZN12Multi_BufferD1Ev
                0x020009e0       0x10 ../build/libgme/Multi_Buffer.o
                0x020009e0                Multi_Buffer::~Multi_Buffer()
 .gnu.linkonce.t._ZN12Multi_BufferD0Ev
                0x020009f0       0x1c ../build/libgme/Multi_Buffer.o
                0x020009f0                Multi_Buffer::~Multi_Buffer()
 .gnu.linkonce.t._ZNK13Stereo_Buffer13samples_availEv
                0x02000a0c       0x10 ../build/libgme/Multi_Buffer.o
                0x02000a0c                Stereo_Buffer::samples_avail() const
 .gnu.linkonce.t._ZN13Stereo_Buffer7channelEi
                0x02000a1c       0x18 ../build/libgme/Multi_Buffer.o
                0x02000a1c                Stereo_Buffer::channel(int)
 .gnu.linkonce.t._ZN11Mono_Buffer10clock_rateEl
                0x02000a34       0x20 ../build/libgme/Multi_Buffer.o
                0x02000a34                Mono_Buffer::clock_rate(long)
 .gnu.linkonce.t._ZN11Mono_Buffer5clearEv
                0x02000a54       0x18 ../build/libgme/Multi_Buffer.o
                0x02000a54                Mono_Buffer::clear()
 .gnu.linkonce.t._ZN11Mono_Buffer9bass_freqEi
                0x02000a6c       0x14 ../build/libgme/Multi_Buffer.o
                0x02000a6c                Mono_Buffer::bass_freq(int)
 .gnu.linkonce.t._ZN11Mono_Buffer12read_samplesEPsl
                0x02000a80       0x18 ../build/libgme/Multi_Buffer.o
                0x02000a80                Mono_Buffer::read_samples(short*, long)
 .gnu.linkonce.t._ZNK11Mono_Buffer13samples_availEv
                0x02000a98        0xc ../build/libgme/Multi_Buffer.o
                0x02000a98                Mono_Buffer::samples_avail() const
 .gnu.linkonce.t._ZN9Music_Emu10set_bufferEP12Multi_Buffer
                0x02000aa4        0x4 ../build/libgme/Music_Emu.o
                0x02000aa4                Music_Emu::set_buffer(Multi_Buffer*)
 .gnu.linkonce.t._ZN9Music_Emu11mute_voicesEi
                0x02000aa8        0x8 ../build/libgme/Music_Emu.o
                0x02000aa8                Music_Emu::mute_voices(int)
 .gnu.linkonce.t._ZN9Music_Emu13set_equalizerERKNS_11equalizer_tE
                0x02000ab0       0x10 ../build/libgme/Music_Emu.o
                0x02000ab0                Music_Emu::set_equalizer(Music_Emu::equalizer_t const&)
 .gnu.linkonce.t._ZNK10Blip_SynthILi12ELi1EE6offsetEliP11Blip_Buffer
                0x02000ac0      0x16c ../build/libgme/Nes_Vrc6_Apu.o
                0x02000ac0                Blip_Synth<12, 1>::offset(long, int, Blip_Buffer*) const
 .gnu.linkonce.t._ZN11Data_ReaderD1Ev
                0x02000c2c       0x10 ../build/libgme/abstract_file.o
                0x02000c2c                Data_Reader::~Data_Reader()
 .gnu.linkonce.t._ZN11Data_ReaderD0Ev
                0x02000c3c       0x1c ../build/libgme/abstract_file.o
                0x02000c3c                Data_Reader::~Data_Reader()
 .gnu.linkonce.t._ZN11Data_WriterD1Ev
                0x02000c58       0x10 ../build/libgme/abstract_file.o
                0x02000c58                Data_Writer::~Data_Writer()
 .gnu.linkonce.t._ZN11Data_WriterD0Ev
                0x02000c68       0x1c ../build/libgme/abstract_file.o
                0x02000c68                Data_Writer::~Data_Writer()
 .gnu.linkonce.t._ZN11Null_WriterD0Ev
                0x02000c84       0x1c ../build/libgme/abstract_file.o
                0x02000c84                Null_Writer::~Null_Writer()
 .gnu.linkonce.t._ZN15Mem_File_ReaderD0Ev
                0x02000ca0       0x1c ../build/libgme/abstract_file.o
                0x02000ca0                Mem_File_Reader::~Mem_File_Reader()
 .gnu.linkonce.t._ZN11File_ReaderD1Ev
                0x02000cbc       0x10 ../build/libgme/abstract_file.o
                0x02000cbc                File_Reader::~File_Reader()
 .gnu.linkonce.t._ZN11File_ReaderD0Ev
                0x02000ccc       0x1c ../build/libgme/abstract_file.o
                0x02000ccc                File_Reader::~File_Reader()
 .gnu.linkonce.t._ZN13Subset_ReaderD1Ev
                0x02000ce8       0x10 ../build/libgme/abstract_file.o
                0x02000ce8                Subset_Reader::~Subset_Reader()
 .gnu.linkonce.t._ZN13Subset_ReaderD0Ev
                0x02000cf8       0x1c ../build/libgme/abstract_file.o
                0x02000cf8                Subset_Reader::~Subset_Reader()
 .gnu.linkonce.t._ZN11Null_WriterD1Ev
                0x02000d14       0x10 ../build/libgme/abstract_file.o
                0x02000d14                Null_Writer::~Null_Writer()
 .gnu.linkonce.t._ZN15Mem_File_ReaderD1Ev
                0x02000d24       0x10 ../build/libgme/abstract_file.o
                0x02000d24                Mem_File_Reader::~Mem_File_Reader()
 *(.glue_7)
 .glue_7        0x02000d34      0x120 c:/devkitpro/devkitarm/bin/../lib/gcc/arm-elf/4.0.2/../../../../arm-elf/lib/interwork\libsysbase.a(_exit.o)
                0x02000e00                __vramSetMainBanks_from_arm
                0x02000df4                __irqSet_from_arm
                0x02000d94                __gbfs_get_nth_obj_from_arm
                0x02000dac                __scanKeys_from_arm
                0x02000d88                __gbfs_count_objs_from_arm
                0x02000e24                __swiSoftReset_from_arm
                0x02000dd0                __swiWaitForIRQ_from_arm
                0x02000d64                __gbfs_get_obj_from_arm
                0x02000d40                __swiDecompressLZSSWram_from_arm
                0x02000dc4                __swiDelay_from_arm
                0x02000e48                __irqEnable_from_arm
                0x02000d34                ___call_via_r3_from_arm
                0x02000ddc                ____divsi3_from_arm
                0x02000d70                ____modsi3_from_arm
                0x02000e18                __vramSetBankI_from_arm
                0x02000e0c                __vramSetBankH_from_arm
                0x02000e3c                __cardPolledTransfer_from_arm
                0x02000de8                __irqInit_from_arm
                0x02000e30                __sdmFastReadData512_from_arm
                0x02000d58                __cardWriteCommand_from_arm
                0x02000db8                __keysUp_from_arm
                0x02000da0                __swiWaitForVBlank_from_arm
                0x02000d7c                __find_first_gbfs_file_from_arm
                0x02000d4c                __swiFastCopy_from_arm
 *(.glue_7t)
 .glue_7t       0x02000e54       0x20 c:/devkitpro/devkitarm/bin/../lib/gcc/arm-elf/4.0.2/../../../../arm-elf/lib/interwork\libsysbase.a(_exit.o)
                0x02000e64                __strncpy_from_thumb
                0x02000e54                __memcpy_from_thumb
                0x02000e70                __bsearch_change_to_arm
                0x02000e6c                __bsearch_from_thumb
                0x02000e5c                __memcmp_from_thumb
                0x02000e60                __memcmp_change_to_arm
                0x02000e58                __memcpy_change_to_arm
                0x02000e68                __strncpy_change_to_arm
                0x02000e74                . = ALIGN (0x4)
 .text          0x02000e74       0xec c:/devkitpro/devkitarm/bin/../lib/gcc/arm-elf/4.0.2/interwork/crtbegin.o
 .text          0x02000f60      0x518 FontPro.o
                0x02001404                FontPro_GetCharWidth(unsigned int)
                0x02000f60                FontPro_Free()
                0x0200143c                FontPro_Exists(unsigned int)
                0x02000fd0                FontPro_Init(unsigned char*)
                0x02001138                FontPro_WriteChar(int, int, unsigned short, unsigned short)
                0x02001288                FontPro_WriteCharRect(unsigned short*, int, int, int, int, unsigned short, unsigned short)
 .text          0x02001478      0x4f4 VRAMTool.o
                0x020014cc                VRAM_SetCharLine(int, int, unsigned short)
                0x02001870                VRAM_GetStringWidthUTF8(char const*)
                0x02001498                VRAM_ClearPixel(int, int)
                0x02001560                VRAM_WriteString(int, int, char const*, unsigned short)
                0x02001640                VRAM_GetStringWidth(char const*)
                0x020015c4                VRAM_WriteStringRect(unsigned short*, int, int, int, int, char const*, unsigned short)
                0x02001740                VRAM_WriteStringRectL(unsigned short*, int, int, int, int, char const*, unsigned short)
                0x0200194c                VRAM_Clear()
                0x02001478                VRAM_SetPixel(int, int, unsigned short)
                0x020017d8                VRAM_WriteStringRectUTF8(unsigned short*, int, int, int, int, char const*, unsigned short)
                0x020014f8                VRAM_SetCharLineRect(unsigned short*, int, int, int, int, int, unsigned short)
                0x020016ac                VRAM_WriteStringRectW(unsigned short*, int, int, int, int, unsigned short const*, unsigned short)
                0x020014b0                VRAM_GetPixel(int, int)
                0x020018e8                VRAM_GetStringWidthW(unsigned short const*)
 .text          0x0200196c      0x2e8 _console.o
                0x0200196c                _consoleInit256(unsigned short*, unsigned short*, unsigned short, unsigned short*)
                0x02001a2c                _consolePrintChar(char)
                0x02001b84                _consolePrint(char const*)
                0x020019e0                _consolePrintSet
                0x02001bf8                _consoleClear()
                0x020019cc                _consoleInitDefault(unsigned short*, unsigned short*, unsigned char)
                0x02001bb8                _consolePrintf(char const*, ...)
                0x02001c50                _consolePrintOne
                0x02001a1c                _consoleGetPrintSetY
 .text          0x02001c54       0xe0 _consoleWriteLog.o
                0x02001c54                PrfStart
                0x02001c7c                PrfEnd
 .text          0x02001d34      0xc0c cardsaver.o
                0x020025c8                cardmeSizeT2()
                0x0200201c                cardmeSizeT3()
                0x0200274c                cardmeSectorErase(unsigned int)
                0x020025a4                cardmeWriteEeprom(unsigned int, unsigned char*, unsigned int, unsigned int)
                0x02002870                cardmeChipErase_old()
                0x02001e1c                cardmeReadID(int)
                0x020026e8                cardmeChipErase()
                0x02001f04                cardmeGetType()
                0x0200266c                cardmeSize(int)
                0x0200216c                cardmeWriteEepromT1(unsigned int, unsigned char*, unsigned int, unsigned int)
                0x02002424                cardmeWriteEepromT3(unsigned int, unsigned char*, unsigned int, unsigned int)
                0x020022c0                cardmeWriteEepromT2(unsigned int, unsigned char*, unsigned int, unsigned int)
                0x02002040                cardmeReadEeprom(unsigned int, unsigned char*, unsigned int, unsigned int)
                0x02001d34                cardmeCMD(unsigned char, int)
 .text          0x02002940      0xa34 cimfs.o
                0x02002acc                CIMFS::CIMFS()
                0x02003334                CIMFS::GetTargetPathIndexFromFilename(unsigned int, char const*)
                0x02002a04                CIMFS::InitEXFS()
                0x02002cd8                CIMFS::GetFileTypeFromFilename(unsigned int, char const*)
                0x02002abc                CIMFS::~CIMFS()
                0x02002d18                CIMFS::GetFilenameSizeFromIndex(unsigned int, unsigned int)
                0x02002ea8                CIMFS::GetFileDataSizeFromIndex(unsigned int, unsigned int)
                0x02002dc8                CIMFS::GetFilenameFromIndex(unsigned int, unsigned int)
                0x02002d64                CIMFS::GetLongFilenameSizeFromIndex(unsigned int, unsigned int)
                0x02002adc                CIMFS::GetPathIndex(char const*)
                0x02002bbc                CIMFS::GetIndexFromFilename(unsigned int, char const*)
                0x02002ac4                CIMFS::~CIMFS()
                0x02002b74                CIMFS::GetFileCount(unsigned int)
                0x02003170                CIMFS::GetFileDataFromFilename(unsigned int, char const*, unsigned char*)
                0x02002a90                CIMFS::InitIMFS()
                0x02002e14                CIMFS::GetLongFilenameFromIndex(unsigned int, unsigned int)
                0x02002940                CIMFS::Init(unsigned char*)
                0x02003298                CIMFS::GetTargetPathIndexFromIndex(unsigned int, unsigned int)
                0x02002e78                CIMFS::GetFilenameExtFromIndex(unsigned int, unsigned int)
                0x020031b4                CIMFS::GetFileDirectDataFromIndex(unsigned int, unsigned int)
                0x02002b54                CIMFS::GetFileTopIndex(unsigned int)
                0x02002b98                CIMFS::GetPathName(unsigned int)
                0x02002f64                CIMFS::GetFileDataFromIndex(unsigned int, unsigned int, unsigned char*)
                0x02002f24                CIMFS::GetFileDataSizeFromFilename(unsigned int, char const*)
                0x02003258                CIMFS::GetFileDirectDataFromFilename(unsigned int, char const*)
                0x02002c90                CIMFS::GetFileTypeFromIndex(unsigned int, unsigned int)
                0x02002ad4                CIMFS::CIMFS()
 .text          0x02003374      0x2e8 cstream.o
                0x02003468                CStream::Readu16()
                0x02003374                CStream::CStream(unsigned char const*, int)
                0x02003414                CStream::eof() const
                0x020033f0                CStream::SetOffset(int)
                0x02003598                CStream::ReadBuffer32bit(void*, int)
                0x02003518                CStream::ReadBuffer(void*, int)
                0x0200342c                CStream::Readu8()
                0x020033cc                CStream::~CStream()
                0x020033ac                CStream::~CStream()
                0x0200340c                CStream::OverrideSize(int)
                0x020034ac                CStream::Readu32()
                0x020033bc                CStream::~CStream()
                0x02003390                CStream::CStream(unsigned char const*, int)
                0x020033e8                CStream::GetOffset() const
                0x02003404                CStream::GetSize() const
 .text          0x0200365c      0x500 cstream_fs.o
                0x02003888                CStreamFS::~CStreamFS()
                0x0200386c                CStreamFS::~CStreamFS()
                0x020038cc                CStreamFS::GetOffset() const
                0x02003764                CStreamFS::CStreamFS(int)
                0x020038a4                CStreamFS::~CStreamFS()
                0x02003908                CStreamFS::OverrideSize(int)
                0x02003910                CStreamFS::eof() const
                0x02003928                CStreamFS::Readu8()
                0x02003a44                CStreamFS::ReadBuffer(void*, int)
                0x020039e8                CStreamFS::Readu32()
                0x0200365c                CStreamFS::CStreamFS(int)
                0x0200398c                CStreamFS::Readu16()
                0x02003900                CStreamFS::GetSize() const
                0x020038d4                CStreamFS::SetOffset(int)
                0x02003ad0                CStreamFS::ReadBuffer32bit(void*, int)
 .text          0x02003b5c      0xc5c directdisk.o
                0x0200443c                DD_Init(EDDSaveType)
                0x02003dfc                DD_isEnabled()
                0x02003dec                DD_GetSaveType()
                0x020043f0                CartCheck_EEPROM()
                0x020042c8                DD_WriteFile(EDDFile, void*, unsigned int)
                0x02003d84                CartFormat()
                0x02003d08                CartCheckData()
                0x020041a0                DD_ReadFile(EDDFile, void*, unsigned int)
                0x02003e24                DD_InitFile(EDDFile)
 .text          0x020047b8      0xba0 dll.o
                0x020047c4                DLL_FreeLibrary(TPluginBody*, bool)
                0x02005234                DLLList_LoadPlugin(char*)
                0x02004e38                Plugin_GetBINFileHandle()
                0x02004e74                Plugin_msp_fclose(int)
                0x02004aa0                DLLList_GetPluginFilename(char*, char*)
                0x02004e84                DLL_LoadLibrary(TPluginBody*, void*, int)
                0x02004d80                Plugin_GetINIData()
                0x02004d94                Plugin_GetINISize()
                0x02004830                DLLList_Regist(char*)
                0x02004da8                Plugin_GetBINData()
                0x02004cc8                DLLList_FreePlugin(TPluginBody*)
                0x02004e64                Plugin_msp_fopen(char const*)
                0x02004e24                Plugin_GetBINSize()
                0x02004bcc                DLLList_GetClockPluginFilename(int, char*)
                0x020049ac                DLLList_Init()
 .text          0x02005358      0x124 dmalink.o
                0x02005384                DMALinkStart
                0x02005358                DMALinkInit
                0x0200536c                DMALinkWaitTerminate
                0x020053f4                DMALinkInterruptHandler_DMA1
 .text          0x0200547c     0x14d8 dsCard.o
                0x0200562c                SD_ReadLoop_wait
                0x02006490                dsCardi_SectorCleanromMode
                0x02005e1c                dsCardi_ReadID
                0x02005560                dsCardi_ReadSramblock
                0x020063b4                dsCardi_ModifyReturn
                0x02005610                ResetFlash
                0x02005ba0                BL_WriteFlash
                0x0200656c                dsCardi_SetRompage
                0x020068d8                EraseFlash
                0x0200673c                WriteFlash
                0x02006654                dsCardi_ReadFlashCommand
                0x02005b14                BL_ReadFlashBuffer
                0x02005ac4                BL_EraseFlash
                0x020054b4                dsCardi_WriteSram
                0x02006028                dsCardi_SetSaverType
                0x020061f0                dsCardi_SectorPerClus
                0x02005d00                dsCardi_TstSDCard
                0x0200547c                Enable_Arm9DS
                0x02006110                dsCardi_ReadSram
                0x02005fcc                dsCardi_ReadCard_M
                0x02005570                dsCardi_WriteFlashCommand
                0x020062d8                dsCardi_SetModifyMode
                0x020058a0                dsCardReadSaveFlash
                0x02005ee4                dsCardi_ReadCard_status
                0x0200549c                Enable_Arm7DS
                0x02005738                dsCardWriteSaveFlash
                0x02005a1c                ReadFlashCommand
                0x0200597c                WriteFlashCommand
 .text          0x02006954      0xe18 extmem.o
                0x02006c74                extmem_ExistMemory()
                0x020070b4                extmem_WriteByte(unsigned int, void*, unsigned int, unsigned int)
                0x02006db4                extmem_Exists(unsigned int)
                0x0200718c                extmem_ReadByte(unsigned int, void*, unsigned int, unsigned int)
                0x02006cc0                extmem_GetMemSize()
                0x0200741c                extmem_Init()
                0x02007264                extmem_Write(unsigned int, void*, unsigned int)
                0x02006d1c                extmem_SetCount(unsigned int)
                0x02006bec                extmem_Free()
                0x02006c9c                extmem_GetMemType()
                0x02006e50                extmem_Alloc(unsigned int, unsigned int)
                0x02006f14                extmem_Read(unsigned int, void*, unsigned int)
 .text          0x0200776c      0x314 ez5_language.o
                0x02007a18                GetSaveSize()
                0x0200776c                LoadChinese()
                0x020078b0                LoadEnglish()
                0x020079f4                LoadLanguage()
 .text          0x02007a80     0x1fc8 filesys.o
                0x02008494                FileSys_fread
                0x02007d74                FileSys_RefreshPath_GMENSF_DuplicateTracks(int)
                0x020083ec                FileSys_fseek
                0x0200806c                FileSys_GetFileDataSize
                0x02007b70                FileSys_GetVolumeType
                0x02007b0c                FileSys_Init
                0x02008bb0                FileSys_fopen_DirectMapping
                0x0200808c                FileSys_fclose
                0x02008994                Shuffle_GetNextIndex
                0x02008538                FileSys_GetFileData
                0x02009724                FileSys_ChangePath
                0x0200811c                FileSys_fopen
                0x02007e04                FileSys_RefreshPath_GMEGBS_DuplicateTracks(int)
                0x02008b9c                Normal_GetPrevIndex
                0x02008384                FileSys_ftell
                0x02008e48                FileSys_RefreshPath
                0x02007a80                FileSys_Free
                0x02008a90                Shuffle_GetPrevIndex
                0x02007eec                FileSys_GetFileCount
                0x02007c50                FileSys_RefreshPath_DuplicateTracks(int)
                0x02008b80                Normal_GetNextIndex
                0x02007e7c                FileSys_GetLastPathItemIndex
                0x02007fb0                FileSys_GetFileTrackNum
                0x02007fd0                FileSys_GetFileExt
                0x02007f74                FileSys_GetFilename
                0x02008658                FileListSort()
                0x02008360                FileSys_fGetLongFileName
                0x02007b80                FileSys_RefreshVolume
                0x02007f94                FileSys_GetFileType
                0x02008980                Shuffle_Clear
                0x02007f48                FileSys_GetPathName
                0x02007efc                FileSys_GetPureFileCount
                0x02008c4c                FileSys_InitInterface()
                0x02007f54                FileSys_GetAlias
                0x020085d8                FileSys_GetFileCluster
                0x02009904                FileSys_FreeInterface()
                0x02008588                FileSys_fread_fast
 .text          0x02009a48      0x2bc formdt.o
                0x02009a48                formdt_SetFormatDateStr(char*)
                0x02009a74                fd_GetNextDateType()
                0x02009b68                formdt_FormatDate(char*, unsigned int, unsigned int, unsigned int, unsigned int)
 .text          0x02009d04      0x288 imgcalc.o
                0x02009f7c                imgcalc_GetVerticalPadding()
                0x02009f64                imgcalc_GetWideFlag()
                0x02009f50                imgcalc_GetKeyWait(int)
                0x02009e8c                imgcalc_GetImageMode()
                0x02009e9c                imgcalc_GetNextIndex(float, int)
                0x02009d60                imgcalc_SetImageMode(EImageMode, int)
                0x02009f40                imgcalc_GetRatio(int)
 .text          0x02009f8c     0x1428 inifile.o
                0x02009fac                InitINI()
                0x0200b344                LoadINI(char*)
 .text          0x0200b3b4     0x8b84 main.o
                0x02013e18                MWinCallAbout_CloseButton(unsigned int)
                0x02013494                MWinCallAbout_MouseMove(unsigned int, int, int)
                0x02010e24                Proc_StartSound_AutoPlay()
                0x02013c40                MWinCallFileInfo_Draw(TWinBody*)
                0x02013768                MWinCallDateTime_MouseMove(unsigned int, int, int)
                0x02013e0c                MWinCallFileInfo_MouseDown(unsigned int, int, int)
                0x02013b38                MWinCallSetNext_MouseMove(unsigned int, int, int)
                0x02013710                MWinCallFileSelect_MouseUp(unsigned int, int, int)
                0x0200d9a4                ShowLogHalt
                0x0200f9bc                KeyRepeat_Delay(unsigned int)
                0x02012ea4                MWinCallPicView_Draw(TWinBody*)
                0x02010ea0                Proc_Shutdown()
                0x020134a4                MWinCallHelp_MouseUp(unsigned int, int, int)
                0x0200e704                chkITCM(int)
                0x02013490                MWinCallAbout_MouseDown(unsigned int, int, int)
                0x02013914                MWinCallTextView_MouseUp(unsigned int, int, int)
                0x02011af8                MWinCallAbout_Draw(TWinBody*)
                0x0200b3b4                InterruptHandler_Vsync_setfb(bool, int)
                0x02013698                MWinCallFileSelect_MouseDown(unsigned int, int, int)
                0x0200d85c                ProcBacklightOffCount(unsigned int)
                0x02013e38                MWinCallHelp_CloseButton(unsigned int)
                0x0200b65c                isExecMode_DPG()
                0x0201370c                MWinCallFileSelect_MouseMove(unsigned int, int, int)
                0x02013eac                MWinCallPicView_CloseButton(unsigned int)
                0x02013bb0                MWinCallSetNext_MouseDown(unsigned int, int, int)
                0x0200e7d0                OpenSaveTypeFile()
                0x02013770                MWinCallPicView_MouseDown(unsigned int, int, int)
                0x02010ff4                strpcmRequestStop_Proc()
                0x02013764                MWinCallDateTime_MouseDown(unsigned int, int, int)
                0x0200e70c                chkDTCM(int)
                0x02011fb8                MWinCallPlayControl_Draw(TWinBody*, TSkinBM*)
                0x0200c044                Pic_GetRatio()
                0x0200e7b4                CheckTCM
                0x020137d4                MWinCallPicView_MouseMove(unsigned int, int, int)
                0x0200be0c                Pic_SetSBar(float)
                0x0200ce40                FS_DrawFileDetail(unsigned int, unsigned char)
                0x02012ea0                MWinCallDateTime_Draw(TWinBody*)
                0x0200c034                Pic_SetRatio(float)
                0x02013e6c                MWinCallFileSelect_CloseButton(unsigned int)
                0x0201376c                MWinCallDateTime_MouseUp(unsigned int, int, int)
                0x020110b0                mainloop()
                0x02013e10                MWinCallFileInfo_MouseMove(unsigned int, int, int)
                0x0200e87c                WriteSaveTypeFile()
                0x0200f9dc                ProcessTouchPad_DPG()
                0x0200ebb0                main
                0x0200d6e4                RefreshBacklightOffCount()
                0x0201390c                MWinCallTextView_MouseDown(unsigned int, int, int)
                0x0200f998                KeyRepeat_Proc(unsigned int)
                0x0200d2dc                FS_SetCursor(int)
                0x02013498                MWinCallAbout_MouseUp(unsigned int, int, int)
                0x02013f18                MWinCallFileInfo_CloseButton(unsigned int)
                0x0200f4b8                ScanIPC3(bool)
                0x0200d9e8                FS_StartFromIndex(int)
                0x02013e8c                MWinCallDateTime_CloseButton(unsigned int)
                0x02013918                MWinCallSetNext_Draw(TWinBody*)
                0x0201241c                MWinCallFileSelect_Draw(TWinBody*, TSkinBM*)
                0x0200f890                WaitKeyClear(bool)
                0x0200d414                FS_ChangePath(char*)
                0x0200f920                KeyRepeat_On(unsigned int)
                0x02013e14                MWinCallFileInfo_MouseUp(unsigned int, int, int)
                0x020133d0                MWinCallTextView_Draw(TWinBody*)
                0x02013bb4                MWinCallSetNext_MouseUp(unsigned int, int, int)
                0x0200f900                KeyRepeat_Flash()
                0x02013ed4                MWinCallProgress_CloseButton(unsigned int)
                0x0200c0e8                ImageControlTimeOut_ProcVSync_callback(unsigned int)
                0x020134a0                MWinCallHelp_MouseMove(unsigned int, int, int)
                0x0200b3f8                strpcmUpdate_mainloop()
                0x0200d938                videoSetModeSub_SetShowLog
                0x020134a8                MWinCallPlayControl_MouseDown(unsigned int, int, int)
                0x0200c55c                FS_ExecuteStop()
                0x0200d26c                FS_DrawFileInfoFromIndex(int, signed char)
                0x020138d4                MWinCallPicView_MouseUp(unsigned int, int, int)
                0x02013ec0                MWinCallTextView_CloseButton(unsigned int)
                0x02013694                MWinCallPlayControl_MouseUp(unsigned int, int, int)
                0x0200e8d8                main_ShowWarn()
                0x0200e7b8                NDSLite_SetBrightness(unsigned int)
                0x0201349c                MWinCallHelp_MouseDown(unsigned int, int, int)
                0x02013910                MWinCallTextView_MouseMove(unsigned int, int, int)
                0x02013e58                MWinCallPlayControl_CloseButton(unsigned int)
                0x02011c60                MWinCallHelp_Draw(TWinBody*)
                0x02013690                MWinCallPlayControl_MouseMove(unsigned int, int, int)
                0x0200c054                ImageControlTimeOut_ProcReset_callback()
                0x02013ed8                MWinCallSetNext_CloseButton(unsigned int)
 .text          0x02013f38      0x670 memtool.o
                0x02014560                PrintFreeMem
                0x020144e8                safefree
                0x020142bc                MemCopy16DMA2
                0x020143c8                safemalloc
                0x0201405c                MemCopy16DMA3
                0x02013fd0                MemCopy32CPU
                0x02014138                MemSet16DMA3
                0x02014038                MemSet8CPU(unsigned char, void*, unsigned int)
                0x02014320                MemSet16DMA2
                0x020141bc                MemSet32DMA3
                0x02014398                MemCopy32swi256bit
                0x02013f90                MemCopy8CPU
                0x020143ac                safemalloc_halt()
                0x02013fd4                MemSet16CPU
                0x02013f38                DC_FlushRangeOverrun
                0x02014514                testmalloc
                0x020140c8                MemCopy32DMA3
                0x02014010                MemSet32CPU
                0x02013fb0                MemCopy16CPU
                0x0201423c                MemSet8DMA3
 .text          0x020145a8     0x55a4 mwin.o
                0x02019330                MWin_ProgressHide()
                0x020194f4                MWin_GetVideoFullScreen()
                0x02017b20                MWin_SetSBarHPos(unsigned int, int)
                0x02017ea0                CheckInsideRect(TRect, int, int)
                0x0201877c                MWin_ShowDesktop()
                0x02018ab4                MWin_ShowConfigDialog()
                0x020145f8                MWin_GetVisible(unsigned int)
                0x02017e70                MWin_GetClientWidth(unsigned int)
                0x02017af4                MWin_SetSBarV(unsigned int, int, int, int)
                0x02019298                MWin_ProgressShow(char*, int)
                0x0201691c                MWin_DrawTitleBar(unsigned int)
                0x02019480                MWin_SetVideoFullScreen(bool)
                0x02019428                MWin_ClearVideoOverlay()
                0x02015ebc                MWin_Init()
                0x02019394                MWin_SetVideoWideFlag(bool)
                0x02017a1c                MWin_AllRefresh()
                0x02017b84                MWin_GetSBarVPos(unsigned int)
                0x02017efc                MWinCallProgress_MouseDown(unsigned int, int, int)
                0x0201828c                MWin_MouseUp()
                0x02017bcc                MWin_SetSBarVPosFromPixel(unsigned int, int)
                0x02016710                MWin_InsideScreen(TRect*)
                0x02018288                MWinCallProgress_MouseUp(unsigned int, int, int)
                0x020165d4                MWin_FreeMem(unsigned int)
                0x02016774                MWin_RefreshScreenMask()
                0x02019390                MWin_InitVideoOverlay()
                0x02015e78                ApplyOverrideWindowRect(TRect*, TRect*, bool*, TiniOverrideWindowRectBody*)
                0x02017130                MWin_AllTrans()
                0x020193b4                MWin_SetVideoOverlay(bool)
                0x020187b4                MWin_ShowNdsRomIcon(unsigned int*, unsigned short*, unsigned int, unsigned int, unsigned short const*)
                0x020184bc                MWin_ShowHelpDialog()
                0x020179ec                MWin_RefreshWindow(unsigned int)
                0x02017cf4                MWin_GetWindowIndexFromPos(int, int)
                0x02017aa8                MWin_GetWinBody(unsigned int)
                0x020164d0                MWin_Free()
                0x020172fc                MWin_DrawClient(unsigned int)
                0x02016548                MWin_AllocMem(unsigned int)
                0x0201930c                MWin_ProgressSetPos(int)
                0x02017e30                MWin_GetTopWinIndex()
                0x02017e88                MWin_GetClientHeight(unsigned int)
                0x02018f70                MWin_ShowFileDetail(unsigned int, unsigned int)
                0x02017b58                MWin_SetSBarH(unsigned int, int, int, int)
                0x02017a74                MWin_PlayControl_SetWindowTitleW(unsigned short*)
                0x02017f00                MWin_MouseDown(int, int)
                0x02018284                MWinCallProgress_MouseMove(unsigned int, int, int)
                0x020145a8                ImageControlTimeOut_SetDefault(unsigned int)
                0x02018f74                MWin_ShowProgressDialog(unsigned int, unsigned short, unsigned short)
                0x0201793c                MWin_DrawSBarVH(unsigned int)
                0x02014610                ImageControlTimeOut_ProcVSync(unsigned int)
                0x020173f8                MWin_DrawSBar(unsigned int, TSBar*)
                0x020166a0                MWin_SetActiveTopMost()
                0x02018b28                MWIn_ShowSelcetItem(unsigned char, unsigned char, unsigned char, unsigned short, unsigned short)
                0x02017abc                MWin_SetSBarVPos(unsigned int, int)
                0x020150b0                LoadSkinBM()
                0x02017a44                MWin_SetWindowTitle(unsigned int, char*)
                0x020164d4                MWin_ClearDesktop()
                0x02017c60                MWin_SetSBarHPosFromPixel(unsigned int, int)
                0x02019458                MWin_SetVideoOverlaySize(unsigned int, unsigned int, float)
                0x02019854                MWin_MouseMove(int, int)
                0x02017158                MWinCallProgress_Draw(TWinBody*, TSkinBM*)
                0x02016634                MWin_SetActive(unsigned int)
                0x02017ba8                MWin_GetSBarHPos(unsigned int)
                0x02016904                MWin_SetVisible(unsigned int, bool)
                0x020145d0                ImageControlTimeOut_ProcReset()
                0x02016da8                MWin_DrawClientFrame(unsigned int)
                0x02019504                MWin_RefreshVideoFullScreen(bool)
                0x02016e94                MWin_DrawClientBG(unsigned int)
                0x02016fa8                MWin_TransWindow(unsigned int)
 .text          0x02019b4c      0x630 resume.o
                0x02019b4c                Resume_Init()
                0x02019e54                Resume_Restore()
                0x02019cc4                Resume_Backup(bool)
                0x0201a16c                Resume_isEnabled()
 .text          0x0201a17c      0xf48 shell.o
                0x0201a45c                Shell_AutoDetect()
                0x0201a5ec                Shell_ReadFile(char const*, void**, int*)
                0x0201a378                Shell_FindShellPath()
                0x0201add8                Shell_ReadMSPINI(char const*, char**, int*)
                0x0201a510                Shell_AutoDetect_EXFS()
                0x0201b030                Shell_OpenMSPData(char const*)
                0x0201a17c                Shell_FindShellPath_FindIns(char*)
                0x0201b034                Shell_OpenMSPBIN(char const*)
                0x0201aa78                Shell_ReadHeadMSP(char*, void*, int)
                0x0201ac0c                Shell_ReadMSP(char const*, void**, int*)
                0x0201ae8c                Shell_OpenMSP(char const*)
                0x0201a888                Shell_EnumMSP()
 .text          0x0201b0c4      0x358 strpcm.o
                0x0201b3e8                strpcmGetVolume16()
                0x0201b270                strpcmStop()
                0x0201b12c                strpcmStart(bool, unsigned int, unsigned int, unsigned int, unsigned int)
                0x0201b40c                strpcmGetPause()
                0x0201b3ac                strpcmSetVolume16(int)
                0x0201b3f8                strpcmSetPause(bool)
                0x0201b0c4                InitInterrupts()
 .text          0x0201b41c      0x11c strtool.o
                0x0201b4c8                StrAppend(char*, char const*)
                0x0201b41c                StrCopy(char const*, char*)
                0x0201b46c                isStrEqual(char const*, char const*)
 .text          0x0201b538      0x780 thumb.o
                0x0201bb20                thumbGetImage64(int)
                0x0201bca8                thumbGetDrawed()
                0x0201b9b8                thumbChangeCursorIndex(int)
                0x0201bc78                thumbExists()
                0x0201b990                thumbReturnImage()
                0x0201b898                thumbChangePath()
 .text          0x0201bcb8      0x428 unicode.o
                0x0201bf30                StrConvert_Ank2Unicode(char const*, unsigned short*)
                0x0201c01c                StrConvert_Local2Unicode(char const*, unsigned short*)
                0x0201be60                Unicode_Init(unsigned char*, unsigned char*)
                0x0201bd08                Unicode_isEqual(unsigned short const*, unsigned short const*)
                0x0201bf58                StrConvert_UTF82Unicode(char const*, unsigned short*)
                0x0201bd64                Unicode_StrAppend(unsigned short*, unsigned short const*)
                0x0201bcb8                Unicode_StrCopy(unsigned short const*, unsigned short*)
                0x0201bdd4                Unicode_Free()
 .text          0x0201c0e0      0x2c4 zlibhelp.o
                0x0201c24c                zlibdecompress(TZLIBData*)
                0x0201c0f0                zlibcompress(TZLIBData*, unsigned int)
                0x0201c0e0                compressBound
 .text          0x0201c3a4      0x40c cglb15.o
                0x0201c76c                CglB15::BitBlt(CglCanvas*, int, int, int, int, int, int) const
                0x0201c6dc                CglB15::~CglB15()
                0x0201c71c                CglB15::~CglB15()
                0x0201c3a4                CglB15::CglB15(unsigned char const*, int)
                0x0201c540                CglB15::CglB15(unsigned char const*, int)
                0x0201c75c                CglB15::GetWidth() const
                0x0201c764                CglB15::GetHeight() const
 .text          0x0201c7b0     0x1080 cglcanvas.o
                0x0201d258                CglCanvas::MoveTo(int, int)
                0x0201ceb4                CglCanvas::GetPixel(int, int) const
                0x0201d620                CglCanvas::BitBltBeta(CglCanvas*, int, int, int, int, int, int) const
                0x0201d57c                CglCanvas::TextOutW(int, int, unsigned short const*) const
                0x0201d4d8                CglCanvas::TextOutL(int, int, char const*) const
                0x0201c850                CglCanvas::SetVRAMBuf(unsigned short*, int, int, EPixelFormat)
                0x0201cd2c                CglCanvas::SetPixel(int, int, unsigned short)
                0x0201d464                CglCanvas::TextOutA(int, int, char const*) const
                0x0201ceec                CglCanvas::SetAALineFlag(bool)
                0x0201d604                CglCanvas::SetCglUnicode(void*)
                0x0201ccc0                CglCanvas::GetWidth() const
                0x0201d70c                CglCanvas::BitBltTrans(CglCanvas*, int, int, int, int, int, int) const
                0x0201d448                CglCanvas::SetFontTextColor(unsigned short)
                0x0201d2a8                CglCanvas::FillBox(int, int, int, int)
                0x0201d5e8                CglCanvas::SetCglFont(void*)
                0x0201c7b0                CglCanvas::~CglCanvas()
                0x0201c948                CglCanvas::CglCanvas(unsigned short*, int, int, EPixelFormat)
                0x0201cee4                CglCanvas::SetColor(unsigned short)
                0x0201d264                CglCanvas::LineTo(int, int)
                0x0201ccc8                CglCanvas::GetHeight() const
                0x0201d320                CglCanvas::DrawBox(int, int, int, int)
                0x0201ccd0                CglCanvas::GetScanLine(int) const
                0x0201cd64                CglCanvas::SetPixelAlpha(int, int, unsigned short, int)
                0x0201ccf8                CglCanvas::isInsidePosition(int, int) const
                0x0201cb04                CglCanvas::CglCanvas(unsigned short*, int, int, EPixelFormat)
                0x0201d42c                CglCanvas::SetFontBGColor(unsigned short)
                0x0201ce18                CglCanvas::SetPixelAlphaAdd(int, int, unsigned short, int)
                0x0201d7f0                CglCanvas::BitBlt(CglCanvas*, int, int, int, int, int, int, bool) const
                0x0201cef4                CglCanvas::DrawLine(int, int, int, int)
                0x0201c7fc                CglCanvas::~CglCanvas()
                0x0201c848                CglCanvas::GetVRAMBuf() const
 .text          0x0201d830      0x88c cglfont.o
                0x0201ddc8                CglFont::SetTextColor(unsigned short)
                0x0201dc90                CglFont::DrawFont1bpp(CglCanvas*, int, int, unsigned char const*) const
                0x0201dde4                CglFont::SetAlphaBlend(bool)
                0x0201ddec                CglFont::DrawFont2bpp(CglCanvas*, int, int, unsigned char const*) const
                0x0201dddc                CglFont::SetTransparent(bool)
                0x0201d830                CglFont::CglFont(unsigned char const*, int)
                0x0201dc28                CglFont::~CglFont()
                0x0201dc54                CglFont::~CglFont()
                0x0201ddb0                CglFont::GetFontHeight() const
                0x0201dc80                CglFont::GetBulkData(unsigned short) const
                0x0201dd88                CglFont::GetFontWidth(unsigned short) const
                0x0201ddc0                CglFont::SetBGColor(unsigned short)
                0x0201e038                CglFont::DrawFont(CglCanvas*, int, int, unsigned short) const
                0x0201da2c                CglFont::CglFont(unsigned char const*, int)
                0x0201ddd0                CglFont::SetPadding(int, int)
 .text          0x0201e0bc      0xa8c cglscreenmain.o
                0x0201e160                CglScreenMain::SetTargetPage(EScrMainID)
                0x0201e0bc                CglScreenMain::~CglScreenMain()
                0x0201e81c                CglScreenMain::CopyFullViewToBack()
                0x0201e2d0                CglScreenMain::Flip(bool)
                0x0201e11c                CglScreenMain::GetVRAMBuf(EScrMainID) const
                0x0201e958                CglScreenMain::GetWideFlag()
                0x0201e5d8                CglScreenMain::CglScreenMain()
                0x0201e394                CglScreenMain::CglScreenMain()
                0x0201e0ec                CglScreenMain::~CglScreenMain()
                0x0201e960                CglScreenMain::SetViewSize(int, int)
                0x0201ea2c                CglScreenMain::SetViewport(int, int, float, float)
                0x0201e8a4                CglScreenMain::SetWideFlag(bool)
                0x0201e214                CglScreenMain::SetBlendLevelManual(int, int)
                0x0201e2a8                CglScreenMain::SetBlendLevel(int)
                0x0201e860                CglScreenMain::CopyFullBackToView()
 .text          0x0201eb48      0x434 cglscreenoverlay.o
                0x0201ed6c                CglScreenMainOverlay::CglScreenMainOverlay()
                0x0201eb48                CglScreenMainOverlay::~CglScreenMainOverlay()
                0x0201ed58                CglScreenMainOverlay::SetVisible(bool)
                0x0201ebb0                MainDisplay_Init(bool, bool, unsigned short)
                0x0201eba8                CglScreenMainOverlay::GetVRAMBuf() const
                0x0201eb78                CglScreenMainOverlay::~CglScreenMainOverlay()
                0x0201ee74                CglScreenMainOverlay::CglScreenMainOverlay()
 .text          0x0201ef7c      0x48c cglscreensub.o
                0x0201efdc                CglScreenSub::GetVRAMBuf() const
                0x0201f1cc                CglScreenSub::SetFlipMode(unsigned int)
                0x0201f1e0                CglScreenSub::CglScreenSub()
                0x0201efe4                SubDisplay_Init(bool, unsigned short, unsigned int)
                0x0201efac                CglScreenSub::~CglScreenSub()
                0x0201ef7c                CglScreenSub::~CglScreenSub()
                0x0201f2f4                CglScreenSub::CglScreenSub()
 .text          0x0201f408      0x148 cglstream.o
                0x0201f464                CglStream::Readu8()
                0x0201f414                CglStream::CglStream(unsigned char const*, int)
                0x0201f428                CglStream::GetOffset() const
                0x0201f4fc                CglStream::ReadBuffer(void*, int)
                0x0201f494                CglStream::Readu16()
                0x0201f44c                CglStream::eof() const
                0x0201f430                CglStream::SetOffset(int)
                0x0201f424                CglStream::~CglStream()
                0x0201f408                CglStream::CglStream(unsigned char const*, int)
                0x0201f420                CglStream::~CglStream()
                0x0201f444                CglStream::GetSize() const
                0x0201f4c0                CglStream::Readu32()
 .text          0x0201f550      0x3c8 cgltgf.o
                0x0201f7d0                CglTGF::GetWidth() const
                0x0201f550                CglTGF::CglTGF(unsigned char const*, int)
                0x0201f790                CglTGF::~CglTGF()
                0x0201f7b0                CglTGF::~CglTGF()
                0x0201f7e0                CglTGF::BitBlt(CglCanvas*, int, int) const
                0x0201f670                CglTGF::CglTGF(unsigned char const*, int)
                0x0201f7d8                CglTGF::GetHeight() const
 .text          0x0201f918      0x340 cglunicode.o
                0x0201f918                CglUnicode::CglUnicode(unsigned char const*, int)
                0x0201fc00                CglUnicode::~CglUnicode()
                0x0201fc20                CglUnicode::isAnkChar(unsigned char) const
                0x0201fc30                CglUnicode::GetUnicode(unsigned short) const
                0x0201fa7c                CglUnicode::CglUnicode(unsigned char const*, int)
                0x0201fbe0                CglUnicode::~CglUnicode()
 .text          0x0201fc58      0x264 glglobal.o
                0x0201fe60                glDebugPrintf(char const*, ...)
                0x0201fc58                glDefaultMemorySetting()
                0x0201fdd0                glDefaultClassFree()
                0x0201fe50                glSetFuncDebugPrint(void (*)(char const*))
                0x0201fca8                glDefaultClassCreate()
 .text          0x0201febc      0x374 glmemtool.o
                0x02020040                glMemSet8CPU(unsigned char, void*, unsigned int)
                0x0201febc                glMemCopy16CPU(void*, void*, unsigned int)
                0x0201ff2c                glMemCopy32CPU(void*, void*, unsigned int)
                0x0201ff30                glMemSet16CPU(unsigned short, void*, unsigned int)
                0x0201ffc0                glMemSet32CPU(unsigned int, void*, unsigned int)
                0x020200c8                glsafemalloc_halt()
                0x020200e4                glsafemalloc(int)
                0x020200b4                glMemCopy32swi256bit(void*, void*, unsigned int)
                0x02020208                glsafefree(void*)
 .text          0x02020230      0xb6c clibdpg.o
                0x02020338                Clibdpg::LoadDPGINFO(CStream*)
                0x02020b68                Clibdpg::MovieProcDecode(unsigned long long)
                0x02020d60                Clibdpg::GetFrameNum()
                0x02020230                Clibdpg::GetDPGAudioFormat()
                0x02020bcc                Clibdpg::SetFrame(int)
                0x02020d88                Clibdpg::GetHeight()
                0x02020d74                Clibdpg::GetWidth()
                0x020202bc                Clibdpg::~Clibdpg()
                0x02020240                Clibdpg::~Clibdpg()
                0x020206d8                Clibdpg::Clibdpg(CStream*, CStream*)
                0x02020920                Clibdpg::Clibdpg(CStream*, CStream*)
                0x02020b7c                Clibdpg::AudioDecode(short*, short*)
 .text          0x02020d9c     0x26f0 clibmpg.o
                0x0202258c                Clibmpg::ProcDecode(unsigned long long)
                0x02020e9c                Clibmpg::GetWidth() const
                0x02021a3c                Clibmpg::YUV420toBGR15Fix_CopyLU(unsigned char const*, unsigned char const*, unsigned char const*, unsigned short*)
                0x02022d34                Clibmpg::ProcSequence()
                0x020232f8                Clibmpg::Clibmpg(CStream*, unsigned int, unsigned int, unsigned int, EMPGPixelFormat)
                0x02020ed4                Clibmpg::YUV420toBGR15_CopyFull(unsigned char*, unsigned char*, unsigned char*, unsigned short*)
                0x02023164                Clibmpg::Clibmpg(CStream*, unsigned int, unsigned int, unsigned int, EMPGPixelFormat)
                0x02020e54                Clibmpg::ProcReadBuffer()
                0x020222b0                Clibmpg::YUV420toBGR15Fix_CopyLD(unsigned char const*, unsigned char const*, unsigned char const*, unsigned short*)
                0x02020eac                Clibmpg::SetVideoDelayms(int)
                0x02022a0c                Clibmpg::debug_tableout()
                0x02022de4                Clibmpg::Reopen(unsigned int, unsigned int)
                0x02022a10                Clibmpg::YUV420toBGR15_Init(int, int)
                0x02021ffc                Clibmpg::YUV420toBGR15Fix_CopyRU(unsigned char const*, unsigned char const*, unsigned char const*, unsigned short*)
                0x02021070                Clibmpg::YUV420toBGR15Fix_CopyFull(unsigned char const*, unsigned char const*, unsigned char const*, unsigned short*)
                0x02020df8                Clibmpg::~Clibmpg()
                0x02021654                Clibmpg::YUV420toBGR15Fix_CopyHalf(unsigned char const*, unsigned char const*, unsigned char const*, unsigned short*)
                0x02022a04                Clibmpg::GetFrameNum()
                0x02020ea4                Clibmpg::GetHeight() const
                0x02022e98                Clibmpg::ProcMoveFrameGOP(unsigned int, unsigned long long, unsigned int, unsigned int)
                0x02021d00                Clibmpg::YUV420toBGR15Fix_CopyRD(unsigned char const*, unsigned char const*, unsigned char const*, unsigned short*)
                0x02020d9c                Clibmpg::~Clibmpg()
                0x0202301c                Clibmpg::ProcMoveFrame(unsigned int, unsigned long long)
 .text          0x0202348c      0x6c0 plug_dpg.o
                0x020236e4                DPG_GetCurrentFrameCount()
                0x02023890                DPG_GetHeight()
                0x02023728                DPG_GetSampleRate()
                0x020238e8                DPG_fread_flash()
                0x0202348c                FreeDPG()
                0x02023874                DPG_GetWidth()
                0x02023790                UpdateDPG_Video(unsigned long long)
                0x020238ac                DPG_fread()
                0x02023924                DPG_GetInfoIndexCount()
                0x02023700                DPG_GetTotalFrameCount()
                0x02023b28                DPG_GetInfoStrUTF8(int, char*, int)
                0x02023b30                DPG_GetDPGAudioFormat()
                0x0202373c                DPG_GetChannelCount()
                0x02023750                DPG_GetSamplePerFrame()
                0x02023854                DPG_SetFrameCount(unsigned int)
                0x0202392c                DPG_GetInfoStrL(int, char*, int)
                0x0202353c                StartDPG(int, int)
                0x02023714                DPG_GetFPS()
                0x02023b20                DPG_GetInfoStrW(int, unsigned short*, int)
                0x02023810                UpdateDPG_Audio(short*, short*)
 .text          0x02023b4c      0x398 plug_fpk.o
                0x02023ed4                FPK_GetInfoStrW(int, unsigned short*, int)
                0x02023b4c                StartFPK(int)
                0x02023edc                FPK_GetInfoStrUTF8(int, char*, int)
                0x02023ea0                FPK_GetInfoStrL(int, char*, int)
                0x02023e98                FPK_GetInfoIndexCount()
                0x02023e60                FreeFPK()
 .text          0x02023ee4      0xb44 plug_gmegbs.o
                0x020248a4                GMEGBS_GetSamplePerFrame()
                0x020249bc                GMEGBS_GetInfoStrW(int, unsigned short*, int)
                0x020249c4                GMEGBS_GetInfoStrUTF8(int, char*, int)
                0x020247d8                GMEGBS_SetPosOffset(int)
                0x020248bc                GMEGBS_GetInfoStrL(int, char*, int)
                0x0202489c                GMEGBS_GetChannelCount()
                0x020247c8                GMEGBS_GetPosOffset()
                0x02024628                UpdateGMEGBS(short*, short*)
                0x020242b0                FreeGMEGBS()
                0x0202488c                GMEGBS_GetSampleRate()
                0x020247b8                GMEGBS_GetPosMax()
                0x020248b4                GMEGBS_GetInfoIndexCount()
                0x02024300                StartGMEGBS(int, int)
 .text          0x02024a28      0xf44 plug_gmensf.o
                0x02024e44                StartGMENSF(int, int)
                0x020255c4                GMENSF_SetPosOffset(int)
                0x020256a8                GMENSF_GetInfoStrL(int, char*, int)
                0x020255a4                GMENSF_GetPosMax()
                0x02024df4                FreeGMENSF()
                0x02025690                GMENSF_GetSamplePerFrame()
                0x02025678                GMENSF_GetSampleRate()
                0x02025414                UpdateGMENSF(short*, short*)
                0x020256a0                GMENSF_GetInfoIndexCount()
                0x02025900                GMENSF_GetInfoStrW(int, unsigned short*, int)
                0x02025908                GMENSF_GetInfoStrUTF8(int, char*, int)
                0x020255b4                GMENSF_GetPosOffset()
                0x02025688                GMENSF_GetChannelCount()
 .text          0x0202596c      0x56c plug_gsm.o
                0x02025e4c                GSM_fread_flash
                0x02025cb0                GSM_GetChannelCount
                0x02025974                FreeGSM
                0x0202596c                UpdateGSM
                0x02025cc0                GSM_GetSampleRate
                0x02025cd8                GSM_SetPosition
                0x02025cd0                GSM_GetSamplePerFrame
                0x02025e10                GSM_fread
                0x020259f4                StartGSM
                0x02025d7c                GSM_LoadReadBuffer
 .text          0x02025ed8      0x394 plug_mp2.o
                0x02025ed8                UpdateMP2(short*, short*)
                0x020261dc                MP2_fread_flash()
                0x02026064                MP2_GetSamplePerFrame()
                0x020260e8                MP2_LoadReadBuffer()
                0x0202606c                MP2_SetPosition(double, long long)
                0x02025f60                StartMP2(CStream*)
                0x02025ee0                FreeMP2()
                0x0202616c                MP2_fread()
 .text          0x0202626c     0x129c plug_ndsrom.o
                0x0202626c                chkmd5(unsigned int)
                0x02026ee4                BootNDSROM(unsigned int)
 .text          0x02027508     0x17ac plug_text.o
                0x020282e0                Text_GetLineHeight()
                0x020282d0                Text_GetLineCount()
                0x0202754c                StartText(int, unsigned int, unsigned int)
                0x02028264                Text_SetLine(int, TRect)
                0x02028300                Text_BookmarkDialog(EBookmarkDialogMode)
                0x02027508                FreeText()
                0x020282c0                Text_GetLine()
                0x020282f0                Text_GetDispLineCount()
                0x02028060                Text_RefreshScreen(unsigned short*, unsigned int, TRect)
 .text          0x02028cb4      0x920 plug_text_bookmark.o
                0x02028cb4                exists(char*)
                0x02028fe4                Bookmark_GetEnabled()
                0x02029350                Bookmark_Start()
                0x02028ff4                Bookmark_End()
                0x02029514                Bookmark_GetDateTimeStructFrom32(unsigned int)
                0x02028cf8                Bookmark_Init()
                0x0202918c                Bookmark_GetCurrent()
                0x02029314                Bookmark_CurrentResumeBackup()
                0x020291d8                Bookmark_CurrentResumeRestore()
                0x0202923c                Bookmark_GetDateTime32FromIPC()
                0x02029044                Bookmark_Save()
 .text          0x020295d4      0xd30 md5c.o
                0x0202a27c                MD5Final
                0x020295d4                MD5Init
                0x0202a19c                MD5Update
 .text          0x0202a304      0x3f4 adler32.o
                0x0202a304                adler32
                0x0202a63c                adler32_combine
 .text          0x0202a6f8      0x910 crc32.o
                0x0202a704                crc32
                0x0202af24                crc32_combine
                0x0202a6f8                get_crc_table
 .text          0x0202b008     0x167c deflate.o
                0x0202b418                deflate
                0x0202b2bc                deflateTune
                0x0202b230                deflateSetHeader
                0x0202b120                deflateSetDictionary
                0x0202b304                deflateBound
                0x0202bc54                deflateInit_
                0x0202b998                deflateInit2_
                0x0202b86c                deflateReset
                0x0202b264                deflatePrime
                0x0202bc88                deflateCopy
                0x0202b778                deflateParams
                0x0202b008                deflateEnd
 .text          0x0202c684     0x12a0 infback.o
                0x0202c684                inflateBackInit_
                0x0202c774                inflateBack
                0x0202d8d8                inflateBackEnd
 .text          0x0202d924      0x560 inffast.o
                0x0202d924                inflate_fast
 .text          0x0202de84     0x1cfc inflate.o
                0x0202fa00                inflateCopy
                0x0202e1cc                inflate
                0x0202f9c0                inflateSyncPoint
                0x0202f7c8                inflateGetHeader
                0x0202e074                inflateInit_
                0x0202df0c                inflatePrime
                0x0202de84                inflateReset
                0x0202f880                inflateSync
                0x0202f6d4                inflateSetDictionary
                0x0202f664                inflateEnd
                0x0202df74                inflateInit2_
 .text          0x0202fb80      0x5c8 inftrees.o
                0x0202fb80                inflate_table
 .text          0x02030148     0x2218 trees.o
                0x02031c20                _tr_flush_block
                0x02031ae0                _tr_stored_block
                0x020301f0                _tr_init
                0x02032264                _tr_tally
                0x020312d0                _tr_align
 .text          0x02032360       0x54 zutil.o
                0x02032360                zlibVersion
                0x0203236c                zlibCompileFlags
                0x020323a0                zcfree
                0x02032378                zError
                0x0203238c                zcalloc
 *fill*         0x020323b4        0xc ff
 .text          0x020323c0      0x220 CP15.o
                0x0203251c                CP15_CleanAndFlushDCacheEntry
                0x02032490                CP15_SetRegion3
                0x02032488                CP15_SetRegion2
                0x0203257c                CP15_SetDTCM
                0x020324e0                CP15_FlushDCacheEntry
                0x02032428                CP15_SetDataPermissions
                0x02032574                CP15_GetITCM
                0x02032564                CP15_SetICacheLockdown
                0x020323d0                CP15_GetTCMSize
                0x020324f0                CP15_CleanAndFlushDCache
                0x020323f8                CP15_SetDataCachable
                0x020323c0                CP15_GetID
                0x020324a0                CP15_SetRegion5
                0x020323f0                CP15_GetInstructionCachable
                0x02032480                CP15_SetRegion1
                0x02032420                CP15_GetInstructionPermissions
                0x02032540                CP15_WaitForInterrupt
                0x02032534                CP15_DrainWriteBuffer
                0x020324c4                CP15_FlushICacheEntry
                0x02032448                CP15_GetRegion2
                0x0203252c                CP15_CleanAndFlushDCacheEntryByIndex
                0x02032458                CP15_GetRegion4
                0x020323e8                CP15_GetDataCachable
                0x020324d4                CP15_FlushDCache
                0x02032400                CP15_SetInstructionCachable
                0x0203255c                CP15_SetDCacheLockdown
                0x02032498                CP15_SetRegion4
                0x0203254c                CP15_GetDCacheLockdown
                0x02032470                CP15_GetRegion7
                0x020323d8                CP15_GetControl
                0x02032438                CP15_GetRegion0
                0x02032524                CP15_CleanDCacheEntryByIndex
                0x02032430                CP15_SetInstructionPermissions
                0x02032410                CP15_SetDataBufferable
                0x02032468                CP15_GetRegion6
                0x0203258c                CP15_ITCMEnableDefault
                0x020324e8                CP15_CleanDCacheEntry
                0x020324a8                CP15_SetRegion6
                0x020323c8                CP15_GetCacheType
                0x02032554                CP15_GetICacheLockdown
                0x02032478                CP15_SetRegion0
                0x0203256c                CP15_GetDTCM
                0x02032408                CP15_GetDataBufferable
                0x02032440                CP15_GetRegion1
                0x020323e0                CP15_SetControl
                0x02032450                CP15_GetRegion3
                0x020324cc                CP15_PrefetchICacheLine
                0x020324b0                CP15_SetRegion7
                0x02032584                CP15_SetITCM
                0x02032460                CP15_GetRegion5
                0x020324b8                CP15_FlushICache
                0x02032418                CP15_GetDataPermissions
 .text          0x020325e0      0x170 CopyJmp.o
                0x020325e0                bxr0
                0x02032664                dsCardi_ReadCard
                0x020325f0                DS_Read
 .text          0x02032750       0xb8 linkreset_arm9.o
                0x02032750                LinkReset_ARM9
 *fill*         0x02032808        0x8 ff
 .text          0x02032810      0x220 glCP15.o
                0x02032908                glCP15_FlushICache
                0x02032840                glCP15_GetInstructionCachable
                0x020328b0                glCP15_GetRegion5
                0x02032850                glCP15_SetInstructionCachable
                0x02032848                glCP15_SetDataCachable
                0x020328f0                glCP15_SetRegion5
                0x02032820                glCP15_GetTCMSize
                0x02032868                glCP15_GetDataPermissions
                0x02032860                glCP15_SetDataBufferable
                0x02032974                glCP15_CleanDCacheEntryByIndex
                0x02032938                glCP15_CleanDCacheEntry
                0x02032830                glCP15_SetControl
                0x02032810                glCP15_GetID
                0x02032890                glCP15_GetRegion1
                0x02032940                glCP15_CleanAndFlushDCache
                0x020328e8                glCP15_SetRegion4
                0x0203296c                glCP15_CleanAndFlushDCacheEntry
                0x02032838                glCP15_GetDataCachable
                0x02032880                glCP15_SetInstructionPermissions
                0x020329b4                glCP15_SetICacheLockdown
                0x020328a8                glCP15_GetRegion4
                0x0203299c                glCP15_GetDCacheLockdown
                0x020328d8                glCP15_SetRegion2
                0x020329d4                glCP15_SetITCM
                0x020328e0                glCP15_SetRegion3
                0x02032818                glCP15_GetCacheType
                0x02032878                glCP15_SetDataPermissions
                0x02032930                glCP15_FlushDCacheEntry
                0x02032858                glCP15_GetDataBufferable
                0x020328b8                glCP15_GetRegion6
                0x0203297c                glCP15_CleanAndFlushDCacheEntryByIndex
                0x02032898                glCP15_GetRegion2
                0x02032900                glCP15_SetRegion7
                0x0203291c                glCP15_PrefetchICacheLine
                0x020329a4                glCP15_GetICacheLockdown
                0x020328a0                glCP15_GetRegion3
                0x020329ac                glCP15_SetDCacheLockdown
                0x02032984                glCP15_DrainWriteBuffer
                0x020329c4                glCP15_GetITCM
                0x020328c0                glCP15_GetRegion7
                0x02032914                glCP15_FlushICacheEntry
                0x02032990                glCP15_WaitForInterrupt
                0x020328d0                glCP15_SetRegion1
                0x020328c8                glCP15_SetRegion0
                0x020329dc                glCP15_ITCMEnableDefault
                0x020328f8                glCP15_SetRegion6
                0x020329cc                glCP15_SetDTCM
                0x02032870                glCP15_GetInstructionPermissions
                0x02032888                glCP15_GetRegion0
                0x02032924                glCP15_FlushDCache
                0x020329bc                glCP15_GetDTCM
                0x02032828                glCP15_GetControl
 .text          0x02032a30      0x758 ../build/gba_nds_fat_2006-02-09_unicode_M3SD_ReadAlignDetect/crc.o
                0x02032f88                sdDataCrcRePack
                0x02032b54                sdmHalf2Bits
                0x02032a30                sdCRC16L
                0x02032b84                sdCRC16X
                0x02032d14                sdDataBlockCrcVerify
                0x02032a9c                sdCRC16L_Table
                0x020330bc                sdDataLineRePack
                0x02032c70                sdCrcRePack32
                0x02032aec                sdCRC7L
 .text          0x02033188      0x3e8 ../build/gba_nds_fat_2006-02-09_unicode_M3SD_ReadAlignDetect/disc_io.o
                0x020331f0                disc_WriteSectors
                0x020332a8                disc_setGbaSlotInterface
                0x0203322c                disc_ClearStatus
                0x02033258                disc_Shutdown
                0x02033348                disc_setDsSlotInterface
                0x0203328c                disc_HostType
                0x02033188                disc_IsInserted
                0x020331b4                disc_ReadSectors
                0x020334b0                disc_Init
 .text          0x02033570       0x5c ../build/gba_nds_fat_2006-02-09_unicode_M3SD_ReadAlignDetect/fastreaddata512.o
                0x02033570                sdmFastReadData512
 .text          0x020335cc     0x58e0 ../build/gba_nds_fat_2006-02-09_unicode_M3SD_ReadAlignDetect/gba_nds_fat.o
                0x020352f8                FAT_fwrite
                0x02033664                FAT_ClustToSect_extern
                0x02037de0                FAT_FindFirstFile
                0x02033630                getRTCtoFileDate
                0x02033a68                FAT_ReadWriteFatEntryBuffered
                0x02033fa8                FAT_GetFileSize
                0x02033834                FAT_WriteFatEntry
                0x02033f44                FAT_GetLongFilenameUnicode
                0x0203894c                FAT_remove
                0x02034abc                FAT_fgetc
                0x02034770                FAT_fread_fast
                0x02037f1c                FAT_fopen
                0x0203584c                FAT_fputc
                0x02035808                FAT_fputs
                0x020364ac                FAT_DirEntFromPath
                0x020378a0                FAT_mkdir
                0x020340c0                FAT_GetFileSystemTotalSize
                0x020335cc                ucase
                0x02034fc0                FAT_fclose
                0x02033f0c                FAT_GetLongFilename
                0x020340f0                FAT_fseek
                0x020335e4                getRTCtoFileTime
                0x02033e40                FAT_GetFilename
                0x02033d54                FAT_WriteFatEntryFlushBuffer
                0x02036b30                FAT_FileExists
                0x020340d0                FAT_ftell
                0x02034b70                FAT_InitFiles
                0x02036a34                FAT_chdir
                0x02033688                FAT_NextCluster
                0x02034028                FAT_GetFileCluster
                0x02036348                FAT_GetAlias
                0x02035218                FAT_LinkFreeCluster
                0x02033dbc                FAT_FirstFreeCluster
                0x020350fc                FAT_FreeFiles
                0x020362b4                FAT_FindNextFileLFN
                0x02036b90                FAT_AddDirEntry
                0x02034af0                FAT_GetAttrib
                0x02037ca4                FAT_FindNextFile
                0x0203514c                FAT_ClearLinks
                0x02036220                FAT_FindFirstFileLFN
                0x02034338                FAT_fread
                0x02035884                FAT_GetDirEntry
                0x02034ee4                FAT_fgets
                0x020340b0                FAT_GetFileSystemType
                0x02034a88                FAT_feof
 .text          0x02038eac      0x134 ../build/gba_nds_fat_2006-02-09_unicode_M3SD_ReadAlignDetect/io_DLMS.o
                0x02038ee4                DLMS_ReadSectors
                0x02038f8c                DLMS_Shutdown
                0x02038f38                DLMS_WriteSectors
                0x02038fb0                DLMS_StartUp
                0x02038eac                DLMS_IsInserted
                0x02038eb4                DLMS_ClearStatus
                0x02038fa4                DLMS_GetInterface
 .text          0x02038fe0      0xe54 ../build/gba_nds_fat_2006-02-09_unicode_M3SD_ReadAlignDetect/io_DLMS_asm.o
                0x02039c4c                DLMS_Write_s
                0x02039988                DLMS_Read_s
                0x020393dc                DLMS_stmd_s
                0x02039418                DLMS_Init_s
 .text          0x02039e34      0x8f0 ../build/gba_nds_fat_2006-02-09_unicode_M3SD_ReadAlignDetect/io_ewsd.o
                0x02039fa4                sdmWriteCmd
                0x0203a588                EWSD_WriteSectors
                0x0203a09c                sdDelay
                0x02039e60                sdmRead
                0x0203a244                sdmSendCommand
                0x0203a5ec                sdmReadBlock
                0x02039eac                sdmWaitStartBit
                0x0203a07c                EWSD_StartUp
                0x02039f24                sdPackArg
                0x02039f00                LSwapINT32
                0x02039f98                EWSD_GetInterface
                0x02039f4c                sdmFastReadData512C
                0x0203a468                sdmWriteBlock
                0x02039e34                sdmWrite
                0x02039eec                LSwapINT16
                0x0203a074                EWSD_Shutdown
                0x02039f90                EWSD_ClearStatus
                0x02039f44                sdmInitialize
                0x02039f74                EWSD_IsInserted
                0x0203a0d8                EWSD_ReadSectors
 .text          0x0203a724     0x21f0 ../build/gba_nds_fat_2006-02-09_unicode_M3SD_ReadAlignDetect/io_ezsd.o
                0x0203b09c                SD_ReadLoop
                0x0203a83c                SD_ReadResponse
                0x0203ac40                SD_R2Response
                0x0203b554                EZSD_ClearStatus
                0x0203b7f4                SD_WriteSingleBlock
                0x0203b17c                SD_WaitOK
                0x0203b55c                EZSD_GetInterface
                0x0203adec                SD_GetCSDStruct
                0x0203b570                SD_ReadMultiBlock
                0x0203b568                EZSD_Shutdown
                0x0203ac4c                SD_R3Response
                0x0203c0b4                EZSD_WriteSectors
                0x0203c104                SD_initial
                0x0203b738                SD_ReadSingleBlock
                0x0203c910                EZSD_StartUp
                0x0203b53c                EZSD_read1sector
                0x0203b544                EZSD_write1sector
                0x0203b240                SD_WriteData
                0x0203a7a0                SD_SendCommand
                0x0203a724                OpenWrite
                0x0203b008                SD_GetCIDStruct
                0x0203a728                CloseWrite
                0x0203b64c                EZSD_ReadSectors
                0x0203b54c                EZSD_IsInserted
                0x0203ac94                SD_ReadData
                0x0203a72c                SetNandControl
                0x0203ac34                SD_R16Response
                0x0203a730                cal_crc_CCITT
 .text          0x0203c914     0x3758 ../build/gba_nds_fat_2006-02-09_unicode_M3SD_ReadAlignDetect/io_g6.o
                0x0203cee0                ReadWordFunction
                0x0203cc4c                G6_GetInterface
                0x0203d660                EraseBlockFunc
                0x0203f004                WriteBlockFunc
                0x0203e3c0                VerifyBlockFunc
                0x0203dee8                G6_StartUp
                0x0203cbc8                G6_SelectSaver
                0x0203edc4                WriteWordFunction
                0x0203feb8                G6_CopyFunction
                0x0203d010                CheckNandInserted
                0x0203caf4                G6_ReadDMA
                0x0203d108                G6_SetChipReg
                0x0203da28                G6_IsInserted
                0x0203c99c                DMAWriteWordData
                0x0203dde4                BuildLookUpTable
                0x0203ca80                ECCCodeCommand
                0x0203cc58                CopyBackCommand
                0x0203d774                AllChipErase
                0x0203d190                G6_ClearStatus
                0x0203fc90                G6_WriteSectors
                0x0203d364                G6_Shutdown
                0x0203eb38                LabelFailBlock
                0x0203e6bc                G6_ReadSectors
                0x0203dc9c                BuildLookUpRoutine
                0x0203cd5c                ReadCommand
                0x0203c914                SelectOperation
 .text          0x0204006c      0x7d4 ../build/gba_nds_fat_2006-02-09_unicode_M3SD_ReadAlignDetect/io_m3cf.o
                0x02040138                M3CF_ReadSectors
                0x02040324                M3CF_WriteSectors
                0x0204006c                M3CF_IsInserted
                0x02040510                M3_Unlock
                0x02040660                M3CF_Shutdown
                0x020406fc                M3CF_StartUp
                0x0204009c                M3CF_ClearStatus
                0x02040654                M3CF_GetInterface
 .text          0x02040840      0xabc ../build/gba_nds_fat_2006-02-09_unicode_M3SD_ReadAlignDetect/io_m3sd.o
                0x02040ecc                M3SD_write1sector
                0x02040978                Hal4ATA_GetStatus
                0x02040ba0                M3SD_GetInterface
                0x020409c8                M3SD_IsInserted
                0x02040d34                M3SD_Shutdown
                0x02040bf0                Hal4ATA_WaitOnBusyNDrdy
                0x02040a08                M3SD_ClearStatus
                0x02040990                DMA3
                0x02040bac                Hal4ATA_WaitOnBusy
                0x02040d88                M3SD_StartUp
                0x02041198                M3SD_ReadSectors
                0x02040a5c                M3SD_Unlock
                0x02041148                M3SD_WriteSectors
                0x02040840                M3SD_read1sector
                0x02040c34                SendCommand
 .text          0x020412fc      0x214 ../build/gba_nds_fat_2006-02-09_unicode_M3SD_ReadAlignDetect/io_m3sd_asm.o
                0x02041384                SD_crc16
                0x02041464                SD_data_write
 .text          0x02041510      0x4d4 ../build/gba_nds_fat_2006-02-09_unicode_M3SD_ReadAlignDetect/io_mmcf.o
                0x020415f8                MMCF_ReadSectors
                0x02041534                MMCF_IsInserted
                0x02041520                MMCF_GetInterface
                0x020417f0                MMCF_WriteSectors
                0x02041510                MMCF_ClearStatus
                0x02041518                MMCF_StartUp
                0x0204152c                MMCF_Shutdown
 .text          0x020419e4      0x590 ../build/gba_nds_fat_2006-02-09_unicode_M3SD_ReadAlignDetect/io_mpcf.o
                0x020419e4                MPCF_IsInserted
                0x02041e88                MPCF_StartUp
                0x02041ed8                MPCF_Shutdown
                0x02041a14                MPCF_ClearStatus
                0x02041ab0                MPCF_ReadSectors
                0x02041ecc                MPCF_GetInterface
                0x02041c9c                MPCF_WriteSectors
 .text          0x02041f74      0x400 ../build/gba_nds_fat_2006-02-09_unicode_M3SD_ReadAlignDetect/io_mpsd.o
                0x02042000                sendcommand2
                0x02041fdc                MPSD_ClearStatus
                0x02041fec                MPSD_Unlock
                0x02041ff4                MPSD_GetInterface
                0x0204217c                MPSD_Shutdown
                0x02041fe4                MPSD_WriteSectors
                0x02041f74                send_byte2
                0x02042184                MPSD_StartUp
                0x0204220c                MPSD_read1sector
                0x02041fcc                MPSD_write1sector
                0x02041fb4                CLK
                0x020421a4                readdata
                0x020422ac                MPSD_ReadSectors
                0x02041fd4                MPSD_IsInserted
 .text          0x02042374       0x4c ../build/gba_nds_fat_2006-02-09_unicode_M3SD_ReadAlignDetect/io_mpsd_asm.o
                0x02042374                mpsd_crc7_s
 .text          0x020423c0     0x11cc ../build/gba_nds_fat_2006-02-09_unicode_M3SD_ReadAlignDetect/io_njsd.o
                0x02042698                _NJSD_writeSectors
                0x020423d4                NJSD_GetInterface
                0x02042c9c                _NJSD_clearStatus
                0x02042ac4                _NJSD_isInserted
                0x02042ddc                _NJSD_startup
                0x02042d3c                _NJSD_shutdown
                0x02042b04                _NJSD_readSectors
 .text          0x0204358c      0x2fc ../build/gba_nds_fat_2006-02-09_unicode_M3SD_ReadAlignDetect/io_njsd_common.o
                0x0204358c                _SD_CRC7
                0x020435fc                _SD_CRC16
                0x020436e8                _SD_InitCard
 .text          0x02043888      0x870 ../build/gba_nds_fat_2006-02-09_unicode_M3SD_ReadAlignDetect/io_nmmc.o
                0x020438c4                NMMC_IsInserted
                0x02043b50                Neo_EnableMMC
                0x02043db0                NMMC_WriteSectors
                0x020438e8                Neo_SendMMCCommand
                0x02043f50                NMMC_ReadSectors
                0x02043fac                Neo_InitMMC
                0x020438d4                NMMC_Shutdown
                0x02043a08                Neo_CheckMMCResponse
                0x02043c38                Neo_WriteMMCSector
                0x020438dc                NMMC_GetInterface
                0x020438cc                NMMC_ClearStatus
                0x02043888                Neo_SelectMMC
                0x020440f4                NMMC_StartUp
                0x02043e0c                Neo_ReadMMCSector
                0x02043a64                Neo_WriteMK2Config
 .text          0x020440f8       0xec ../build/gba_nds_fat_2006-02-09_unicode_M3SD_ReadAlignDetect/io_sccf.o
                0x0204417c                SCCF_StartUp
                0x02044170                SCCF_GetInterface
                0x020440f8                SCCF_Unlock
                0x02044160                SCCF_Shutdown
 .text          0x020441e4       0xe4 ../build/gba_nds_fat_2006-02-09_unicode_M3SD_ReadAlignDetect/io_scms.o
                0x020441f4                SCMS_ReadSectors
                0x02044254                SCMS_GetInterface
                0x02044260                SCMS_Unlock
                0x02044244                SCMS_Shutdown
                0x0204421c                SCMS_WriteSectors
                0x02044294                SCMS_StartUp
                0x020441e4                SCMS_IsInserted
 .text          0x020442c8      0x458 ../build/gba_nds_fat_2006-02-09_unicode_M3SD_ReadAlignDetect/io_scms_asm.o
                0x02044638                scms_WriteSector
                0x020446dc                scms_InitSCMode
                0x02044524                scms_sd_com_write_s
                0x020442c8                scms_sd_data_write_s
                0x02044338                scms_sd_data_read_s
                0x020444fc                scms_sd_com_read_s
                0x02044578                scms_SDCommand
                0x02044628                scms_get_resp
                0x020444b4                scms_sd_crc7_s
                0x02044704                scms_MemoryCard_IsInserted
                0x02044564                scms_send_clk
                0x020445c8                scms_ReadSector
                0x020443d4                scms_sd_crc16_s
 .text          0x02044720       0xe4 ../build/gba_nds_fat_2006-02-09_unicode_M3SD_ReadAlignDetect/io_scsd.o
                0x02044758                SCSD_WriteSectors
                0x02044780                SCSD_Shutdown
                0x02044790                SCSD_GetInterface
                0x020447d0                SCSD_StartUp
                0x02044730                SCSD_ReadSectors
                0x02044720                SCSD_IsInserted
                0x0204479c                SCSD_Unlock
 .text          0x02044804      0x45c ../build/gba_nds_fat_2006-02-09_unicode_M3SD_ReadAlignDetect/io_scsd_asm.o
                0x02044910                sd_crc16_s
                0x02044c18                InitSCMode
                0x02044c40                MemoryCard_IsInserted
                0x020449f0                sd_crc7_s
                0x02044a38                sd_com_read_s
                0x02044b64                get_resp
                0x02044874                sd_data_read_s
                0x02044ab4                SDCommand
                0x02044a60                sd_com_write_s
                0x02044aa0                send_clk
                0x02044b74                WriteSector
                0x02044b04                ReadSector
                0x02044804                sd_data_write_s
 .text          0x02044c60      0x110 ../build/gba_nds_fat_2006-02-09_unicode_M3SD_ReadAlignDetect/misc.o
                0x02044cd0                TFC_Command19
                0x02044d38                SDT_SetFlashCSConfig
                0x02044c60                rwDelay
                0x02044c8c                strupr
                0x02044d08                TFC_Command19_A
                0x02044d20                SDT_Command1ARead
 .text          0x02044d70       0x70 ../build/gba_nds_fat_2006-02-09_unicode_M3SD_ReadAlignDetect/sdbasic.o
                0x02044da8                SDB_SDM_GetResponse
                0x02044d88                SDB_SDM_SetDataOut
                0x02044d98                SDB_SDM_CheckCard
                0x02044dcc                SDB_InitEwinSD
                0x02044d70                SDB_SDM_GetDataOut
                0x02044db8                SDB_SetEwinSD
 .text          0x02044de0       0xc4 ../build/libmpeg2/alloc.o
                0x02044e88                mpeg2_malloc_hooks
                0x02044de0                mpeg2_malloc
                0x02044e48                mpeg2_free
 .text          0x02044ea4      0xb94 ../build/libmpeg2/decode.o
                0x0204590c                mpeg2_init