Archive member included because of file (symbol)

c:/devkitpro/libnds/lib\libnds7.a(clock.o)
                              main.o (rtcReset)
c:/devkitpro/libnds/lib\libnds7.a(interrupts.o)
                              main.o (irqSet)
c:/devkitpro/libnds/lib\libnds7.a(biosCalls.o)
                              main.o (swiSoftReset)
c:/devkitpro/libnds/lib\libnds7.a(division.o)
                              main.o (__divsi3)
c:/devkitpro/libnds/lib\libnds7.a(interruptDispatcher.o)
                              c:/devkitpro/libnds/lib\libnds7.a(interrupts.o) (IntrMain)
c:/devkitpro/devkitarm/bin/../lib/gcc/arm-elf/4.0.2/interwork\libgcc.a(_udivsi3.o)
                              frame.o (__udivsi3)
c:/devkitpro/devkitarm/bin/../lib/gcc/arm-elf/4.0.2/interwork\libgcc.a(_umodsi3.o)
                              layer12.o (__umodsi3)
c:/devkitpro/devkitarm/bin/../lib/gcc/arm-elf/4.0.2/interwork\libgcc.a(_dvmd_tls.o)
                              c:/devkitpro/devkitarm/bin/../lib/gcc/arm-elf/4.0.2/interwork\libgcc.a(_udivsi3.o) (__div0)
c:/devkitpro/devkitarm/bin/../lib/gcc/arm-elf/4.0.2/interwork\libgcc.a(_call_via_rX.o)
                              c:/devkitpro/devkitarm/bin/../lib/gcc/arm-elf/4.0.2/../../../../arm-elf/lib/interwork/ds_arm7_crt0.o (_call_via_r3)
c:/devkitpro/devkitarm/bin/../lib/gcc/arm-elf/4.0.2/../../../../arm-elf/lib/interwork\libg.a(malloc.o)
                              memtoolARM7.o (malloc)
c:/devkitpro/devkitarm/bin/../lib/gcc/arm-elf/4.0.2/../../../../arm-elf/lib/interwork\libg.a(mallocr.o)
                              c:/devkitpro/devkitarm/bin/../lib/gcc/arm-elf/4.0.2/../../../../arm-elf/lib/interwork\libg.a(malloc.o) (_malloc_r)
c:/devkitpro/devkitarm/bin/../lib/gcc/arm-elf/4.0.2/../../../../arm-elf/lib/interwork\libg.a(mlock.o)
                              c:/devkitpro/devkitarm/bin/../lib/gcc/arm-elf/4.0.2/../../../../arm-elf/lib/interwork\libg.a(mallocr.o) (__malloc_lock)
c:/devkitpro/devkitarm/bin/../lib/gcc/arm-elf/4.0.2/../../../../arm-elf/lib/interwork\libg.a(sbrkr.o)
                              c:/devkitpro/devkitarm/bin/../lib/gcc/arm-elf/4.0.2/../../../../arm-elf/lib/interwork\libg.a(mallocr.o) (_sbrk_r)
c:/devkitpro/devkitarm/bin/../lib/gcc/arm-elf/4.0.2/../../../../arm-elf/lib/interwork\libg.a(freer.o)
                              c:/devkitpro/devkitarm/bin/../lib/gcc/arm-elf/4.0.2/../../../../arm-elf/lib/interwork\libg.a(malloc.o) (_free_r)
c:/devkitpro/devkitarm/bin/../lib/gcc/arm-elf/4.0.2/../../../../arm-elf/lib/interwork\libg.a(impure.o)
                              c:/devkitpro/devkitarm/bin/../lib/gcc/arm-elf/4.0.2/../../../../arm-elf/lib/interwork\libg.a(malloc.o) (_impure_ptr)
c:/devkitpro/devkitarm/bin/../lib/gcc/arm-elf/4.0.2/../../../../arm-elf/lib/interwork\libg.a(reent.o)
                              c:/devkitpro/devkitarm/bin/../lib/gcc/arm-elf/4.0.2/../../../../arm-elf/lib/interwork\libg.a(sbrkr.o) (errno)
c:/devkitpro/devkitarm/bin/../lib/gcc/arm-elf/4.0.2/../../../../arm-elf/lib/interwork\libsysbase.a(sbrk.o)
                              c:/devkitpro/devkitarm/bin/../lib/gcc/arm-elf/4.0.2/../../../../arm-elf/lib/interwork\libg.a(sbrkr.o) (_sbrk)
c:/devkitpro/devkitarm/bin/../lib/gcc/arm-elf/4.0.2/../../../../arm-elf/lib/interwork\libsysbase.a(malloc_vars.o)
                              c:/devkitpro/devkitarm/bin/../lib/gcc/arm-elf/4.0.2/../../../../arm-elf/lib/interwork\libsysbase.a(sbrk.o) (fake_heap_start)

Allocating common symbols
Common symbol       size              file

errno               0x4               c:/devkitpro/devkitarm/bin/../lib/gcc/arm-elf/4.0.2/../../../../arm-elf/lib/interwork\libg.a(reent.o)
irqTable            0xc8              c:/devkitpro/libnds/lib\libnds7.a(interrupts.o)

Memory Configuration

Name             Origin             Length             Attributes
rom              0x08000000         0x02000000
iwram            0x03800000         0x00010000
ewram            0x02040000         0x00400000
siwram           0x037f8000         0x00008000
*default*        0x00000000         0xffffffff

Linker script and memory map

LOAD c:/devkitpro/devkitarm/bin/../lib/gcc/arm-elf/4.0.2/../../../../arm-elf/lib/interwork/ds_arm7_crt0.o
LOAD c:/devkitpro/devkitarm/bin/../lib/gcc/arm-elf/4.0.2/interwork/crti.o
LOAD c:/devkitpro/devkitarm/bin/../lib/gcc/arm-elf/4.0.2/interwork/crtbegin.o
LOAD _console.o
LOAD a7sleep.o
LOAD filesysARM7.o
LOAD main.o
LOAD memtoolARM7.o
LOAD plug_gsm.o
LOAD plug_mp2.o
LOAD rgb2yuv.o
LOAD _touch.o
LOAD bit.o
LOAD decoder.o
LOAD fixed.o
LOAD frame.o
LOAD layer12.o
LOAD stream.o
LOAD synth.o
LOAD version.o
LOAD copy.o
LOAD linkreset_arm7.o
LOAD c:/devkitpro/libnds/lib\libnds7.a
LOAD c:/devkitpro/devkitarm/bin/../lib/gcc/arm-elf/4.0.2/interwork\libgcc.a
LOAD c:/devkitpro/devkitarm/bin/../lib/gcc/arm-elf/4.0.2/../../../../arm-elf/lib/interwork\libg.a
LOAD c:/devkitpro/devkitarm/bin/../lib/gcc/arm-elf/4.0.2/../../../../arm-elf/lib/interwork\libc.a
LOAD c:/devkitpro/devkitarm/bin/../lib/gcc/arm-elf/4.0.2/interwork\libgcc.a
START GROUP
LOAD c:/devkitpro/devkitarm/bin/../lib/gcc/arm-elf/4.0.2/../../../../arm-elf/lib/interwork\libsysbase.a
LOAD c:/devkitpro/devkitarm/bin/../lib/gcc/arm-elf/4.0.2/../../../../arm-elf/lib/interwork\libc.a
END GROUP
LOAD c:/devkitpro/devkitarm/bin/../lib/gcc/arm-elf/4.0.2/interwork/crtend.o
LOAD c:/devkitpro/devkitarm/bin/../lib/gcc/arm-elf/4.0.2/interwork/crtn.o
                0x03800000                __iwram_start = 0x3800000
                0x03810000                __iwram_end = 0x3810000
                0x037f8000                __siwram_start = 0x37f8000
                0x03800000                __siwram_end = 0x3800000
                0x0380808c                __sp_irq = (__iwram_end - 0x60)
                0x0380fea0                __sp_svc = (__sp_irq - 0x100)
                0x0380fda0                __sp_usr = (__sp_svc - 0x100)

.init           0x03800000       0xf0
                0x03800000                __text_start = .
 *(.init)
 .init          0x03800000       0xd0 c:/devkitpro/devkitarm/bin/../lib/gcc/arm-elf/4.0.2/../../../../arm-elf/lib/interwork/ds_arm7_crt0.o
                0x03800000                _start
 .init          0x038000d0        0xc c:/devkitpro/devkitarm/bin/../lib/gcc/arm-elf/4.0.2/interwork/crti.o
                0x038000d0                _init
 .init          0x038000dc        0x4 c:/devkitpro/devkitarm/bin/../lib/gcc/arm-elf/4.0.2/interwork/crtbegin.o
 .init          0x038000e0        0x4 c:/devkitpro/devkitarm/bin/../lib/gcc/arm-elf/4.0.2/interwork/crtend.o
 .init          0x038000e4        0xc c:/devkitpro/devkitarm/bin/../lib/gcc/arm-elf/4.0.2/interwork/crtn.o
                0x038000f0                . = ALIGN (0x4)

.plt
 *(.plt)

.text           0x038000f0     0x70c0
 *(.text.*)
 *(.stub)
 *(.gnu.warning)
 *(.gnu.linkonce.t*)
 *(.glue_7)
 .glue_7        0x038000f0       0x90 c:/devkitpro/devkitarm/bin/../lib/gcc/arm-elf/4.0.2/../../../../arm-elf/lib/interwork\libsysbase.a(malloc_vars.o)
                0x0380012c                __irqSet_from_arm
                0x03800138                __swiSoftReset_from_arm
                0x038000fc                __swiDelay_from_arm
                0x03800144                __rtcReset_from_arm
                0x03800120                __BCDToInteger_from_arm
                0x038000f0                ___call_via_r3_from_arm
                0x03800108                ____divsi3_from_arm
                0x03800174                ____modsi3_from_arm
                0x03800114                __rtcGetTime_from_arm
                0x03800150                __swiCRC16_from_arm
                0x0380015c                __irqInit_from_arm
                0x03800168                __swiWaitForVBlank_from_arm
 *(.glue_7t)
                0x03800180                . = ALIGN (0x4)
 .text          0x03800180       0xec c:/devkitpro/devkitarm/bin/../lib/gcc/arm-elf/4.0.2/interwork/crtbegin.o
 .text          0x0380026c        0xc _console.o
                0x0380026c                _consolePrintf
 .text          0x03800278      0x254 a7sleep.o
                0x03800454                a7led
                0x0380042c                a7SetSoundAmplifier
                0x038004a4                PM_SetControl
                0x03800370                PM_SetRegister
                0x0380047c                a7lcd_select
                0x03800278                PM_GetRegister
                0x038004c4                a7poff
 .text          0x038004cc       0xe4 filesysARM7.o
                0x038004dc                FileSys_fread
                0x038004cc                FileSys_GetFileSize
                0x03800580                FileSys_fread_flash
 .text          0x038005b0     0x1788 main.o
                0x038016ec                arm7stage1
                0x03801be4                main
                0x038017f0                arm7stage1_forGBA
 .text          0x03801d38      0x118 memtoolARM7.o
                0x03801dc0                safefree
                0x03801d38                safemalloc
                0x03801dd4                MemCopy16DMA3
                0x03801e0c                MemSet16DMA3
 .text          0x03801e50       0x14 plug_gsm.o
                0x03801e60                FreeGSM
                0x03801e58                UpdateGSM
                0x03801e50                StartGSM
 .text          0x03801e64      0x8f4 plug_mp2.o
                0x038025c0                MP2_GetSampleRate
                0x038025d4                MP2_GetSamplePerFrame
                0x038022a0                StartMP2
                0x0380221c                FreeMP2
                0x03802468                FlashFileBufferMP2
                0x038024bc                UpdateMP2
                0x038025dc                MP2_GetBitRate
                0x0380259c                MP2_GetChannelCount
 .text          0x03802758        0x8 rgb2yuv.o
                0x03802758                YUV420toBGR15_Init
                0x0380275c                YUV420toBGR15_CopyFull
 .text          0x03802760      0x430 _touch.o
                0x03802a18                _touchReadXY
                0x03802760                _touchReadXY_AutoDetect
                0x03802b3c                _touchReadTemperature
                0x0380286c                _touchRead
                0x038029ac                readTouchValue
 .text          0x03802b90      0x188 bit.o
                0x03802ba8                mad_bit_length
                0x03802bc8                mad_bit_nextbyte
                0x03802be0                mad_bit_skip
                0x03802b90                mad_bit_init
                0x03802c34                mad_bit_read
 .text          0x03802d18       0x64 decoder.o
                0x03802d18                mad_decoder_init
                0x03802d6c                mad_decoder_finish
                0x03802d74                mad_decoder_message
 .text          0x03802d7c       0xe0 fixed.o
                0x03802d7c                mad_f_abs
                0x03802d88                mad_f_div
 .text          0x03802e5c      0x82c frame.o
                0x03802e5c                mad_header_init
                0x03803170                mad_header_decode
                0x03802efc                mad_frame_init
                0x038035ac                mad_frame_decode
                0x03802e94                mad_frame_mute
                0x03802f1c                mad_frame_finish
 .text          0x03803688      0x7fc layer12.o
                0x03803778                mad_layer_II
 .text          0x03803e84      0x35c stream.o
                0x03803f38                mad_stream_skip
                0x03803fc8                mad_stream_errorstr
                0x03803f48                mad_stream_sync
                0x03803f08                mad_stream_buffer
                0x03803ee0                mad_stream_finish
                0x03803e84                mad_stream_init
 .text          0x038041e0     0x1ac0 synth.o
                0x038041e0                mad_synth_mute
                0x03804278                mad_synth_init
                0x03805bf8                mad_synth_frame
 .text          0x03805ca0       0x50 copy.o
                0x03805ca0                bxr0
                0x03805cd0                CopyAndBoot
 .text          0x03805cf0       0x18 linkreset_arm7.o
                0x03805cf0                LinkReset_ARM7
 .text          0x03805d08      0x1dc c:/devkitpro/libnds/lib\libnds7.a(clock.o)
                0x03805e74                BCDToInteger
                0x03805e60                rtcSetTime
                0x03805e28                rtcGetTime
                0x03805ea0                integerToBCD
                0x03805de4                rtcReset
                0x03805d08                rtcTransaction
 .text          0x03805ee4      0x164 c:/devkitpro/libnds/lib\libnds7.a(interrupts.o)
                0x03806020                irqEnable
                0x03805ee8                irqSet
                0x03806038                irqDisable
                0x03805f5c                irqInit
                0x03805ee4                irqDummy
                0x03805ff0                irqInitHandler
                0x03805f88                irqClear
 *fill*         0x03806048        0x8 ff
 .text          0x03806050       0x80 c:/devkitpro/libnds/lib\libnds7.a(biosCalls.o)
                0x03806064                swiSleep
                0x0380609e                swiDecompressLZSSVram
                0x038060ba                swiGetPitchTable
                0x03806086                swiFastCopy
                0x0380608a                swiSqrt
                0x03806050                swiSoftReset
                0x0380608e                swiCRC16
                0x038060a2                swiDecompressHuffman
                0x038060c6                swiSetHaltCR
                0x038060b6                swiGetSineTable
                0x038060be                swiGetVolumeTable
                0x03806070                swiRemainder
                0x03806096                swiUnpackBits
                0x03806060                swiHalt
                0x0380609a                swiDecompressLZSSWram
                0x038060b2                swiDecodeDelta16
                0x03806054                swiDelay
                0x03806076                swiDivMod
                0x038060aa                swiDecompressRLEVram
                0x038060a6                swiDecompressRLEWram
                0x038060ae                swiDecodeDelta8
                0x0380606c                swiDivide
                0x0380605c                swiWaitForVBlank
                0x03806058                swiIntrWait
                0x03806092                swiIsDebugger
                0x03806060                swiWaitForIRQ
                0x03806082                swiCopy
                0x038060c2                swiUnknown
 .text          0x038060d0        0xc c:/devkitpro/libnds/lib\libnds7.a(division.o)
                0x038060d0                __divsi3
                0x038060d4                __modsi3
 .text          0x038060dc       0xc8 c:/devkitpro/libnds/lib\libnds7.a(interruptDispatcher.o)
                0x038060dc                IntrMain
 .text          0x038061a4      0x114 c:/devkitpro/devkitarm/bin/../lib/gcc/arm-elf/4.0.2/interwork\libgcc.a(_udivsi3.o)
                0x038061a4                __udivsi3
                0x038062a0                __aeabi_uidivmod
 .text          0x038062b8       0xd0 c:/devkitpro/devkitarm/bin/../lib/gcc/arm-elf/4.0.2/interwork\libgcc.a(_umodsi3.o)
                0x038062b8                __umodsi3
 .text          0x03806388        0x4 c:/devkitpro/devkitarm/bin/../lib/gcc/arm-elf/4.0.2/interwork\libgcc.a(_dvmd_tls.o)
                0x03806388                __aeabi_ldiv0
                0x03806388                __div0
                0x03806388                __aeabi_idiv0
 .text          0x0380638c       0x3c c:/devkitpro/devkitarm/bin/../lib/gcc/arm-elf/4.0.2/interwork\libgcc.a(_call_via_rX.o)
                0x03806394                _call_via_r2
                0x038063a4                _call_via_r6
                0x038063a0                _call_via_r5
                0x03806398                _call_via_r3
                0x038063b8                _call_via_fp
                0x038063ac                _call_via_r8
                0x038063a8                _call_via_r7
                0x0380638c                _call_via_r0
                0x038063b4                _call_via_sl
                0x038063c0                _call_via_sp
                0x038063b0                _call_via_r9
                0x0380639c                _call_via_r4
                0x03806390                _call_via_r1
                0x038063bc                _call_via_ip
                0x038063c4                _call_via_lr
 .text          0x038063c8       0x40 c:/devkitpro/devkitarm/bin/../lib/gcc/arm-elf/4.0.2/../../../../arm-elf/lib/interwork\libg.a(malloc.o)
                0x038063c8                malloc
                0x038063e8                free
 .text          0x03806408      0x774 c:/devkitpro/devkitarm/bin/../lib/gcc/arm-elf/4.0.2/../../../../arm-elf/lib/interwork\libg.a(mallocr.o)
                0x03806408                _malloc_r
 .text          0x03806b7c        0x8 c:/devkitpro/devkitarm/bin/../lib/gcc/arm-elf/4.0.2/../../../../arm-elf/lib/interwork\libg.a(mlock.o)
                0x03806b80                __malloc_unlock
                0x03806b7c                __malloc_lock
 .text          0x03806b84       0x40 c:/devkitpro/devkitarm/bin/../lib/gcc/arm-elf/4.0.2/../../../../arm-elf/lib/interwork\libg.a(sbrkr.o)
                0x03806b84                _sbrk_r
 .text          0x03806bc4      0x39c c:/devkitpro/devkitarm/bin/../lib/gcc/arm-elf/4.0.2/../../../../arm-elf/lib/interwork\libg.a(freer.o)
                0x03806cc4                _free_r
                0x03806bc4                _malloc_trim_r
 .text          0x03806f60      0x18c c:/devkitpro/devkitarm/bin/../lib/gcc/arm-elf/4.0.2/../../../../arm-elf/lib/interwork\libg.a(reent.o)
                0x03806f60                cleanup_glue
                0x03806f8c                _reclaim_reent
                0x03807070                _wrapup_reent
 .text          0x038070ec       0x80 c:/devkitpro/devkitarm/bin/../lib/gcc/arm-elf/4.0.2/../../../../arm-elf/lib/interwork\libsysbase.a(sbrk.o)
                0x038070ec                _sbrk
 .text          0x0380716c       0x44 c:/devkitpro/devkitarm/bin/../lib/gcc/arm-elf/4.0.2/interwork/crtend.o

.fini           0x038071b0       0x1c
 *(.fini)
 .fini          0x038071b0        0xc c:/devkitpro/devkitarm/bin/../lib/gcc/arm-elf/4.0.2/interwork/crti.o
                0x038071b0                _fini
 .fini          0x038071bc        0x4 c:/devkitpro/devkitarm/bin/../lib/gcc/arm-elf/4.0.2/interwork/crtbegin.o
 .fini          0x038071c0        0xc c:/devkitpro/devkitarm/bin/../lib/gcc/arm-elf/4.0.2/interwork/crtn.o
                0x038071cc                __text_end = .

.rodata         0x038071cc      0xf08
 *(.rodata)
 .rodata        0x038071cc      0x14c frame.o
 .rodata        0x03807318      0x2fc layer12.o
 .rodata        0x03807614      0x880 synth.o
 .rodata        0x03807e94        0x4 c:/devkitpro/devkitarm/bin/../lib/gcc/arm-elf/4.0.2/../../../../arm-elf/lib/interwork\libg.a(impure.o)
                0x03807e94                _global_impure_ptr
 *all.rodata*(*)
 *(.roda)
 *(.rodata.*)
 .rodata.str1.4
                0x03807e98      0x235 stream.o
                                0x238 (size before relaxing)
 *fill*         0x038080cd        0x3 ff
 .rodata.str1.4
                0x038080d0        0x2 c:/devkitpro/devkitarm/bin/../lib/gcc/arm-elf/4.0.2/../../../../arm-elf/lib/interwork\libg.a(impure.o)
                                  0x4 (size before relaxing)
 *(.gnu.linkonce.r*)
                0x038080d4                . = ALIGN (0x4)
 *fill*         0x038080d2        0x2 ff

.ctors          0x038080d4        0x8
 *crtbegin.o(.ctors)
 .ctors         0x038080d4        0x4 c:/devkitpro/devkitarm/bin/../lib/gcc/arm-elf/4.0.2/interwork/crtbegin.o
 *(EXCLUDE_FILE(*crtend.o) .ctors)
 *(SORT(.ctors.*))
 *(.ctors)
 .ctors         0x038080d8        0x4 c:/devkitpro/devkitarm/bin/../lib/gcc/arm-elf/4.0.2/interwork/crtend.o
                0x038080dc                . = ALIGN (0x4)

.dtors          0x038080dc        0x8
 *crtbegin.o(.dtors)
 .dtors         0x038080dc        0x4 c:/devkitpro/devkitarm/bin/../lib/gcc/arm-elf/4.0.2/interwork/crtbegin.o
 *(EXCLUDE_FILE(*crtend.o) .dtors)
 *(SORT(.dtors.*))
 *(.dtors)
 .dtors         0x038080e0        0x4 c:/devkitpro/devkitarm/bin/../lib/gcc/arm-elf/4.0.2/interwork/crtend.o
                0x038080e4                . = ALIGN (0x4)

.eh_frame       0x038080e4        0x4
 *(.eh_frame)
 .eh_frame      0x038080e4        0x4 c:/devkitpro/devkitarm/bin/../lib/gcc/arm-elf/4.0.2/interwork/crtend.o
                0x038080e8                . = ALIGN (0x4)

.gcc_except_table
                0x038080e8        0x0
 *(.gcc_except_table)
                0x038080e8                . = ALIGN (0x4)

.jcr            0x038080e8        0x4
 *(.jcr)
 .jcr           0x038080e8        0x4 c:/devkitpro/devkitarm/bin/../lib/gcc/arm-elf/4.0.2/interwork/crtend.o

.got
 *(.got.plt)
 *(.got)

.iwram          0x038080ec        0x0
                0x038080ec                __iwram_start = <code 340> (.)
 *(.iwram)
 *iwram.*(.text)
                0x038080ec                . = ALIGN (0x4)
                0x038080ec                __iwram_end = .

.data           0x038080ec     0x1038
                0x038080ec                __data_start = <code 340> (.)
 *(.data)
 .data          0x038080ec        0x8 c:/devkitpro/devkitarm/bin/../lib/gcc/arm-elf/4.0.2/interwork/crtbegin.o
                0x038080ec                __dso_handle
 .data          0x038080f4        0xc main.o
 .data          0x03808100      0x808 plug_mp2.o
 .data          0x03808908        0x8 _touch.o
 .data          0x03808910      0x410 c:/devkitpro/devkitarm/bin/../lib/gcc/arm-elf/4.0.2/../../../../arm-elf/lib/interwork\libg.a(mallocr.o)
                0x03808910                __malloc_sbrk_base
                0x03808918                __malloc_av_
                0x03808914                __malloc_trim_threshold
 .data          0x03808d20      0x404 c:/devkitpro/devkitarm/bin/../lib/gcc/arm-elf/4.0.2/../../../../arm-elf/lib/interwork\libg.a(impure.o)
                0x03809120                _impure_ptr
 *(.data.*)
 *(.gnu.linkonce.d*)
                0x03809124                . = ALIGN (0x4)
                0x03809124                __data_end = .
                0x037f8000                . = __siwram_start

.bss            0x037f8000      0x1d0
                0x037f8000                __bss_start = <code 340> (.)
                0x037f8000                __bss_start__ = <code 340> (.)
 *(.dynbss)
 *(.gnu.linkonce.b*)
 *(COMMON)
 COMMON         0x037f8000       0xc8 c:/devkitpro/libnds/lib\libnds7.a(interrupts.o)
                0x037f8000                irqTable
 COMMON         0x037f80c8        0x4 c:/devkitpro/devkitarm/bin/../lib/gcc/arm-elf/4.0.2/../../../../arm-elf/lib/interwork\libg.a(reent.o)
                0x037f80c8                errno
                0x037f80cc                . = ALIGN (0x4)
 .bss           0x037f80cc       0x1c c:/devkitpro/devkitarm/bin/../lib/gcc/arm-elf/4.0.2/interwork/crtbegin.o
 .bss           0x037f80e8       0x40 main.o
 .bss           0x037f8128       0x54 plug_mp2.o
 .bss           0x037f817c       0x14 _touch.o
 .bss           0x037f8190       0x34 c:/devkitpro/devkitarm/bin/../lib/gcc/arm-elf/4.0.2/../../../../arm-elf/lib/interwork\libg.a(mallocr.o)
                0x037f81c0                __malloc_top_pad
                0x037f81bc                __malloc_max_sbrked_mem
                0x037f8190                __malloc_current_mallinfo
                0x037f81b8                __malloc_max_total_mem
 .bss           0x037f81c4        0x4 c:/devkitpro/devkitarm/bin/../lib/gcc/arm-elf/4.0.2/../../../../arm-elf/lib/interwork\libsysbase.a(sbrk.o)
 .bss           0x037f81c8        0x8 c:/devkitpro/devkitarm/bin/../lib/gcc/arm-elf/4.0.2/../../../../arm-elf/lib/interwork\libsysbase.a(malloc_vars.o)
                0x037f81c8                fake_heap_start
                0x037f81cc                fake_heap_end
                0x037f81d0                __bss_end = .
                0x037f81d0                __bss_end__ = .
                0x037f81d0                _end = .
                0x037f81d0                __end__ = .
                0x037f81d0                PROVIDE (end, _end)

.stab
 *(.stab)

.stabstr
 *(.stabstr)

.stab.excl
 *(.stab.excl)

.stab.exclstr
 *(.stab.exclstr)

.stab.index
 *(.stab.index)

.stab.indexstr
 *(.stab.indexstr)

.comment        0x00000000      0x21c
 *(.comment)
 .comment       0x00000000       0x12 c:/devkitpro/devkitarm/bin/../lib/gcc/arm-elf/4.0.2/interwork/crtbegin.o
 .comment       0x00000012       0x12 _console.o
 .comment       0x00000024       0x12 a7sleep.o
 .comment       0x00000036       0x12 filesysARM7.o
 .comment       0x00000048       0x12 main.o
 .comment       0x0000005a       0x12 memtoolARM7.o
 .comment       0x0000006c       0x12 plug_gsm.o
 .comment       0x0000007e       0x12 plug_mp2.o
 .comment       0x00000090       0x12 rgb2yuv.o
 .comment       0x000000a2       0x12 _touch.o
 .comment       0x000000b4       0x12 bit.o
 .comment       0x000000c6       0x12 decoder.o
 .comment       0x000000d8       0x12 fixed.o
 .comment       0x000000ea       0x12 frame.o
 .comment       0x000000fc       0x12 layer12.o
 .comment       0x0000010e       0x12 stream.o
 .comment       0x00000120       0x12 synth.o
 .comment       0x00000132       0x12 version.o
 .comment       0x00000144       0x12 c:/devkitpro/libnds/lib\libnds7.a(clock.o)
 .comment       0x00000156       0x12 c:/devkitpro/libnds/lib\libnds7.a(interrupts.o)
 .comment       0x00000168       0x12 c:/devkitpro/devkitarm/bin/../lib/gcc/arm-elf/4.0.2/../../../../arm-elf/lib/interwork\libg.a(malloc.o)
 .comment       0x0000017a       0x12 c:/devkitpro/devkitarm/bin/../lib/gcc/arm-elf/4.0.2/../../../../arm-elf/lib/interwork\libg.a(mallocr.o)
 .comment       0x0000018c       0x12 c:/devkitpro/devkitarm/bin/../lib/gcc/arm-elf/4.0.2/../../../../arm-elf/lib/interwork\libg.a(mlock.o)
 .comment       0x0000019e       0x12 c:/devkitpro/devkitarm/bin/../lib/gcc/arm-elf/4.0.2/../../../../arm-elf/lib/interwork\libg.a(sbrkr.o)
 .comment       0x000001b0       0x12 c:/devkitpro/devkitarm/bin/../lib/gcc/arm-elf/4.0.2/../../../../arm-elf/lib/interwork\libg.a(freer.o)
 .comment       0x000001c2       0x12 c:/devkitpro/devkitarm/bin/../lib/gcc/arm-elf/4.0.2/../../../../arm-elf/lib/interwork\libg.a(impure.o)
 .comment       0x000001d4       0x12 c:/devkitpro/devkitarm/bin/../lib/gcc/arm-elf/4.0.2/../../../../arm-elf/lib/interwork\libg.a(reent.o)
 .comment       0x000001e6       0x12 c:/devkitpro/devkitarm/bin/../lib/gcc/arm-elf/4.0.2/../../../../arm-elf/lib/interwork\libsysbase.a(sbrk.o)
 .comment       0x000001f8       0x12 c:/devkitpro/devkitarm/bin/../lib/gcc/arm-elf/4.0.2/../../../../arm-elf/lib/interwork\libsysbase.a(malloc_vars.o)
 .comment       0x0000020a       0x12 c:/devkitpro/devkitarm/bin/../lib/gcc/arm-elf/4.0.2/interwork/crtend.o

.debug
 *(.debug)

.line
 *(.line)

.debug_srcinfo
 *(.debug_srcinfo)

.debug_sfnames
 *(.debug_sfnames)

.debug_aranges  0x00000000      0x280
 *(.debug_aranges)
 .debug_aranges
                0x00000000       0x20 _console.o
 .debug_aranges
                0x00000020       0x20 a7sleep.o
 .debug_aranges
                0x00000040       0x20 filesysARM7.o
 .debug_aranges
                0x00000060       0x20 main.o
 .debug_aranges
                0x00000080       0x20 memtoolARM7.o
 .debug_aranges
                0x000000a0       0x20 plug_gsm.o
 .debug_aranges
                0x000000c0       0x20 plug_mp2.o
 .debug_aranges
                0x000000e0       0x20 rgb2yuv.o
 .debug_aranges
                0x00000100       0x20 _touch.o
 .debug_aranges
                0x00000120       0x20 bit.o
 .debug_aranges
                0x00000140       0x20 decoder.o
 .debug_aranges
                0x00000160       0x20 fixed.o
 .debug_aranges
                0x00000180       0x20 frame.o
 .debug_aranges
                0x000001a0       0x20 layer12.o
 .debug_aranges
                0x000001c0       0x20 stream.o
 .debug_aranges
                0x000001e0       0x20 synth.o
 .debug_aranges
                0x00000200       0x20 copy.o
 .debug_aranges
                0x00000220       0x20 linkreset_arm7.o
 .debug_aranges
                0x00000240       0x20 c:/devkitpro/libnds/lib\libnds7.a(clock.o)
 .debug_aranges
                0x00000260       0x20 c:/devkitpro/libnds/lib\libnds7.a(interrupts.o)

.debug_pubnames
                0x00000000      0x6a5
 *(.debug_pubnames)
 .debug_pubnames
                0x00000000       0x25 _console.o
 .debug_pubnames
                0x00000025       0x88 a7sleep.o
 .debug_pubnames
                0x000000ad       0x54 filesysARM7.o
 .debug_pubnames
                0x00000101       0x40 main.o
 .debug_pubnames
                0x00000141       0x51 memtoolARM7.o
 .debug_pubnames
                0x00000192       0x39 plug_gsm.o
 .debug_pubnames
                0x000001cb       0xab plug_mp2.o
 .debug_pubnames
                0x00000276       0x44 rgb2yuv.o
 .debug_pubnames
                0x000002ba       0x7b _touch.o
 .debug_pubnames
                0x00000335       0x6d bit.o
 .debug_pubnames
                0x000003a2       0x56 decoder.o
 .debug_pubnames
                0x000003f8       0x2e fixed.o
 .debug_pubnames
                0x00000426       0x8c frame.o
 .debug_pubnames
                0x000004b2       0x23 layer12.o
 .debug_pubnames
                0x000004d5       0x92 stream.o
 .debug_pubnames
                0x00000567       0x4c synth.o
 .debug_pubnames
                0x000005b3       0x72 c:/devkitpro/libnds/lib\libnds7.a(clock.o)
 .debug_pubnames
                0x00000625       0x80 c:/devkitpro/libnds/lib\libnds7.a(interrupts.o)

.debug_info     0x00000000     0x738f
 *(.debug_info)
 .debug_info    0x00000000       0x60 _console.o
 .debug_info    0x00000060      0x21e a7sleep.o
 .debug_info    0x0000027e      0x114 filesysARM7.o
 .debug_info    0x00000392      0xc7c main.o
 .debug_info    0x0000100e      0x198 memtoolARM7.o
 .debug_info    0x000011a6      0x13d plug_gsm.o
 .debug_info    0x000012e3      0xd4a plug_mp2.o
 .debug_info    0x0000202d       0xfa rgb2yuv.o
 .debug_info    0x00002127      0x324 _touch.o
 .debug_info    0x0000244b      0x1ac bit.o
 .debug_info    0x000025f7      0x7d3 decoder.o
 .debug_info    0x00002dca       0xce fixed.o
 .debug_info    0x00002e98      0x7a0 frame.o
 .debug_info    0x00003638      0x889 layer12.o
 .debug_info    0x00003ec1      0x39b stream.o
 .debug_info    0x0000425c     0x2bb0 synth.o
 .debug_info    0x00006e0c       0x90 copy.o
 .debug_info    0x00006e9c       0x9a linkreset_arm7.o
 .debug_info    0x00006f36      0x265 c:/devkitpro/libnds/lib\libnds7.a(clock.o)
 .debug_info    0x0000719b      0x1f4 c:/devkitpro/libnds/lib\libnds7.a(interrupts.o)

.debug_abbrev   0x00000000     0x1785
 *(.debug_abbrev)
 .debug_abbrev  0x00000000       0x5a _console.o
 .debug_abbrev  0x0000005a       0xfe a7sleep.o
 .debug_abbrev  0x00000158       0x96 filesysARM7.o
 .debug_abbrev  0x000001ee      0x31c main.o
 .debug_abbrev  0x0000050a       0xdc memtoolARM7.o
 .debug_abbrev  0x000005e6       0xaf plug_gsm.o
 .debug_abbrev  0x00000695      0x2c0 plug_mp2.o
 .debug_abbrev  0x00000955       0x82 rgb2yuv.o
 .debug_abbrev  0x000009d7      0x136 _touch.o
 .debug_abbrev  0x00000b0d       0xc8 bit.o
 .debug_abbrev  0x00000bd5      0x17b decoder.o
 .debug_abbrev  0x00000d50       0x81 fixed.o
 .debug_abbrev  0x00000dd1      0x269 frame.o
 .debug_abbrev  0x0000103a      0x1d2 layer12.o
 .debug_abbrev  0x0000120c       0xee stream.o
 .debug_abbrev  0x000012fa      0x262 synth.o
 .debug_abbrev  0x0000155c        0x1 version.o
 .debug_abbrev  0x0000155d       0x14 copy.o
 .debug_abbrev  0x00001571       0x14 linkreset_arm7.o
 .debug_abbrev  0x00001585       0xe3 c:/devkitpro/libnds/lib\libnds7.a(clock.o)
 .debug_abbrev  0x00001668      0x11d c:/devkitpro/libnds/lib\libnds7.a(interrupts.o)

.debug_line     0x00000000     0x20a4
 *(.debug_line)
 .debug_line    0x00000000       0x67 _console.o
 .debug_line    0x00000067      0x15d a7sleep.o
 .debug_line    0x000001c4       0x91 filesysARM7.o
 .debug_line    0x00000255      0x540 main.o
 .debug_line    0x00000795       0xc3 memtoolARM7.o
 .debug_line    0x00000858       0x98 plug_gsm.o
 .debug_line    0x000008f0      0x2c5 plug_mp2.o
 .debug_line    0x00000bb5       0x92 rgb2yuv.o
 .debug_line    0x00000c47      0x191 _touch.o
 .debug_line    0x00000dd8       0xb4 bit.o
 .debug_line    0x00000e8c       0xe4 decoder.o
 .debug_line    0x00000f70       0x9b fixed.o
 .debug_line    0x0000100b      0x1f5 frame.o
 .debug_line    0x00001200      0x1b1 layer12.o
 .debug_line    0x000013b1      0x120 stream.o
 .debug_line    0x000014d1      0x8e0 synth.o
 .debug_line    0x00001db1       0x1a version.o
 .debug_line    0x00001dcb       0x70 copy.o
 .debug_line    0x00001e3b       0x71 linkreset_arm7.o
 .debug_line    0x00001eac      0x107 c:/devkitpro/libnds/lib\libnds7.a(clock.o)
 .debug_line    0x00001fb3       0xf1 c:/devkitpro/libnds/lib\libnds7.a(interrupts.o)

.debug_frame    0x00000000      0xafc
 *(.debug_frame)
 .debug_frame   0x00000000       0x2c _console.o
 .debug_frame   0x0000002c       0xb8 a7sleep.o
 .debug_frame   0x000000e4       0x4c filesysARM7.o
 .debug_frame   0x00000130      0x270 main.o
 .debug_frame   0x000003a0       0x68 memtoolARM7.o
 .debug_frame   0x00000408       0x40 plug_gsm.o
 .debug_frame   0x00000448      0x134 plug_mp2.o
 .debug_frame   0x0000057c       0x30 rgb2yuv.o
 .debug_frame   0x000005ac       0xac _touch.o
 .debug_frame   0x00000658       0x68 bit.o
 .debug_frame   0x000006c0       0x48 decoder.o
 .debug_frame   0x00000708       0x3c fixed.o
 .debug_frame   0x00000744       0xc8 frame.o
 .debug_frame   0x0000080c       0x64 layer12.o
 .debug_frame   0x00000870       0x98 stream.o
 .debug_frame   0x00000908       0x9c synth.o
 .debug_frame   0x000009a4       0xd0 c:/devkitpro/libnds/lib\libnds7.a(clock.o)
 .debug_frame   0x00000a74       0x88 c:/devkitpro/libnds/lib\libnds7.a(interrupts.o)

.debug_str      0x00000000     0x1728
 *(.debug_str)
 .debug_str     0x00000000       0x87 _console.o
                                 0x93 (size before relaxing)
 .debug_str     0x00000087      0x119 a7sleep.o
                                0x180 (size before relaxing)
 .debug_str     0x000001a0       0x7a filesysARM7.o
                                0x14c (size before relaxing)
 .debug_str     0x0000021a      0x45a main.o
                                0x5ac (size before relaxing)
 .debug_str     0x00000674       0x6e memtoolARM7.o
                                0x145 (size before relaxing)
 .debug_str     0x000006e2       0x57 plug_gsm.o
                                0x14c (size before relaxing)
 .debug_str     0x00000739      0x67b plug_mp2.o
                                0x801 (size before relaxing)
 .debug_str     0x00000db4       0x7e rgb2yuv.o
                                0x142 (size before relaxing)
 .debug_str     0x00000e32      0x109 _touch.o
                                0x232 (size before relaxing)
 .debug_str     0x00000f3b       0x8b bit.o
                                0x12f (size before relaxing)
 .debug_str     0x00000fc6       0x7a decoder.o
                                0x67a (size before relaxing)
 .debug_str     0x00001040       0x54 fixed.o
                                 0xc9 (size before relaxing)
 .debug_str     0x00001094      0x138 frame.o
                                0x60a (size before relaxing)
 .debug_str     0x000011cc      0x14b layer12.o
                                0x606 (size before relaxing)
 .debug_str     0x00001317       0xa9 stream.o
                                0x3cb (size before relaxing)
 .debug_str     0x000013c0      0x20f synth.o
                                0x4c9 (size before relaxing)
 .debug_str     0x000015cf       0xae c:/devkitpro/libnds/lib\libnds7.a(clock.o)
                                0x16a (size before relaxing)
 .debug_str     0x0000167d       0xab c:/devkitpro/libnds/lib\libnds7.a(interrupts.o)
                                0x13f (size before relaxing)

.debug_loc      0x00000000     0x2f35
 *(.debug_loc)
 .debug_loc     0x00000000       0xe5 a7sleep.o
 .debug_loc     0x000000e5       0x62 filesysARM7.o
 .debug_loc     0x00000147      0x6d7 main.o
 .debug_loc     0x0000081e       0xc1 memtoolARM7.o
 .debug_loc     0x000008df       0x26 plug_gsm.o
 .debug_loc     0x00000905      0x410 plug_mp2.o
 .debug_loc     0x00000d15      0x110 _touch.o
 .debug_loc     0x00000e25       0xd5 bit.o
 .debug_loc     0x00000efa       0x4c decoder.o
 .debug_loc     0x00000f46       0x8b fixed.o
 .debug_loc     0x00000fd1      0x361 frame.o
 .debug_loc     0x00001332      0x65c layer12.o
 .debug_loc     0x0000198e       0xf8 stream.o
 .debug_loc     0x00001a86     0x1152 synth.o
 .debug_loc     0x00002bd8      0x2e2 c:/devkitpro/libnds/lib\libnds7.a(clock.o)
 .debug_loc     0x00002eba       0x7b c:/devkitpro/libnds/lib\libnds7.a(interrupts.o)

.debug_macinfo
 *(.debug_macinfo)

.debug_weaknames
 *(.debug_weaknames)

.debug_funcnames
 *(.debug_funcnames)

.debug_typenames
 *(.debug_typenames)

.debug_varnames
 *(.debug_varnames)

.stack          0x00080000        0x0
                0x00080000                _stack = .
 *(.stack)
OUTPUT(d:/EZ5/´úÂëÎÄµµ/moonshell151_src_EZ5/arm7/arm7.elf elf32-littlearm)

.debug_ranges   0x00000000     0x1050
 .debug_ranges  0x00000000      0x130 main.o
 .debug_ranges  0x00000130       0x68 plug_mp2.o
 .debug_ranges  0x00000198       0x88 frame.o
 .debug_ranges  0x00000220       0x38 layer12.o
 .debug_ranges  0x00000258      0xde0 synth.o
 .debug_ranges  0x00001038       0x18 c:/devkitpro/libnds/lib\libnds7.a(clock.o)
